$ lake --rehash --no-ansi build ShannonBounds.CapCertC11 ShannonBounds.CapCertC13
✔ [2043/2067] Built ShannonBounds.Defs (6.5s)
✔ [2044/2067] Built ShannonBounds.Decimal (1.8s)
✔ [2045/2067] Built ShannonBounds.Lift (10s)
✔ [2046/2067] Built ShannonBounds.BaseC11Data (2.2s)
✔ [2047/2067] Built ShannonBounds.Flatten (3.0s)
⚠ [2048/2067] Built ShannonBounds.Layered (4.1s)
warning: ShannonBounds/Layered.lean:58:0: automatically included section variable(s) unused in theorem `ShannonBounds.card_wordSet`:
  [Fintype V]
  [DecidableEq V]
consider restructuring your `variable` declarations so that the variables are not in scope or explicitly omit them:
  omit [Fintype V] [DecidableEq V] in theorem ...

Note: This linter can be disabled with `set_option linter.unusedSectionVars false`
warning: ShannonBounds/Layered.lean:64:0: automatically included section variable(s) unused in theorem `ShannonBounds.isIndepSet_wordSet`:
  [Fintype V]
  [DecidableEq V]
consider restructuring your `variable` declarations so that the variables are not in scope or explicitly omit them:
  omit [Fintype V] [DecidableEq V] in theorem ...

Note: This linter can be disabled with `set_option linter.unusedSectionVars false`
warning: ShannonBounds/Layered.lean:76:0: automatically included section variable(s) unused in theorem `ShannonBounds.sep_wordSet`:
  [Fintype V]
consider restructuring your `variable` declarations so that the variables are not in scope or explicitly omit them:
  omit [Fintype V] in theorem ...

Note: This linter can be disabled with `set_option linter.unusedSectionVars false`
warning: ShannonBounds/Layered.lean:103:0: automatically included section variable(s) unused in theorem `ShannonBounds.card_substSet`:
  [DecidableEq A]
consider restructuring your `variable` declarations so that the variables are not in scope or explicitly omit them:
  omit [DecidableEq A] in theorem ...

Note: This linter can be disabled with `set_option linter.unusedSectionVars false`
warning: ShannonBounds/Layered.lean:230:8: automatically included section variable(s) unused in theorem `ShannonBounds.Realisation.w_mapIso`:
  [Fintype V]
  [DecidableEq V]
  [DecidableEq A]
consider restructuring your `variable` declarations so that the variables are not in scope or explicitly omit them:
  omit [Fintype V] [DecidableEq V] [DecidableEq A] in theorem ...

Note: This linter can be disabled with `set_option linter.unusedSectionVars false`
warning: ShannonBounds/Layered.lean:261:0: automatically included section variable(s) unused in theorem `ShannonBounds.card_multiWordSet`:
  [Fintype V]
consider restructuring your `variable` declarations so that the variables are not in scope or explicitly omit them:
  omit [Fintype V] in theorem ...

Note: This linter can be disabled with `set_option linter.unusedSectionVars false`
warning: ShannonBounds/Layered.lean:268:0: automatically included section variable(s) unused in theorem `ShannonBounds.isIndepSet_multiWordSet`:
  [Fintype V]
consider restructuring your `variable` declarations so that the variables are not in scope or explicitly omit them:
  omit [Fintype V] in theorem ...

Note: This linter can be disabled with `set_option linter.unusedSectionVars false`
warning: ShannonBounds/Layered.lean:280:0: automatically included section variable(s) unused in theorem `ShannonBounds.sep_multiWordSet`:
  [Fintype V]
consider restructuring your `variable` declarations so that the variables are not in scope or explicitly omit them:
  omit [Fintype V] in theorem ...

Note: This linter can be disabled with `set_option linter.unusedSectionVars false`
warning: ShannonBounds/Layered.lean:298:0: automatically included section variable(s) unused in theorem `ShannonBounds.card_multiSubstSet`:
  [DecidableEq A]
consider restructuring your `variable` declarations so that the variables are not in scope or explicitly omit them:
  omit [DecidableEq A] in theorem ...

Note: This linter can be disabled with `set_option linter.unusedSectionVars false`
warning: ShannonBounds/Layered.lean:390:0: automatically included section variable(s) unused in theorem `ShannonBounds.card_codeSet`:
  [DecidableEq A]
consider restructuring your `variable` declarations so that the variables are not in scope or explicitly omit them:
  omit [DecidableEq A] in theorem ...

Note: This linter can be disabled with `set_option linter.unusedSectionVars false`
warning: ShannonBounds/Layered.lean:425:0: automatically included section variable(s) unused in theorem `ShannonBounds.card_multiCodeSet`:
  [DecidableEq A]
consider restructuring your `variable` declarations so that the variables are not in scope or explicitly omit them:
  omit [DecidableEq A] in theorem ...

Note: This linter can be disabled with `set_option linter.unusedSectionVars false`
warning: ShannonBounds/Layered.lean:520:0: automatically included section variable(s) unused in theorem `ShannonBounds.isIndepSet_image_symm`:
  [Fintype V]
  [DecidableRel G.Adj]
consider restructuring your `variable` declarations so that the variables are not in scope or explicitly omit them:
  omit [Fintype V] [DecidableRel G.Adj] in theorem ...

Note: This linter can be disabled with `set_option linter.unusedSectionVars false`
✔ [2049/2067] Built ShannonBounds.BaseC11 (2.2s)
✔ [2050/2067] Built ShannonBounds.CycleC11 (2.1s)
⚠ [2051/2067] Built ShannonBounds.PortRealisation (2.6s)
warning: ShannonBounds/PortRealisation.lean:72:0: automatically included section variable(s) unused in theorem `ShannonBounds.RichPortSystem.isIndepSet_image_ep`:
  [Fintype α]
consider restructuring your `variable` declarations so that the variables are not in scope or explicitly omit them:
  omit [Fintype α] in theorem ...

Note: This linter can be disabled with `set_option linter.unusedSectionVars false`
warning: ShannonBounds/PortRealisation.lean:95:0: automatically included section variable(s) unused in theorem `ShannonBounds.RichPortSystem.sep_symm_of`:
  [Fintype α]
  [DecidableEq α]
consider restructuring your `variable` declarations so that the variables are not in scope or explicitly omit them:
  omit [Fintype α] [DecidableEq α] in theorem ...

Note: This linter can be disabled with `set_option linter.unusedSectionVars false`
warning: ShannonBounds/PortRealisation.lean:99:0: automatically included section variable(s) unused in theorem `ShannonBounds.RichPortSystem.sep_core_ports`:
  [Fintype α]
consider restructuring your `variable` declarations so that the variables are not in scope or explicitly omit them:
  omit [Fintype α] in theorem ...

Note: This linter can be disabled with `set_option linter.unusedSectionVars false`
warning: ShannonBounds/PortRealisation.lean:106:0: automatically included section variable(s) unused in theorem `ShannonBounds.RichPortSystem.sep_core_transversal`:
  [Fintype α]
consider restructuring your `variable` declarations so that the variables are not in scope or explicitly omit them:
  omit [Fintype α] in theorem ...

Note: This linter can be disabled with `set_option linter.unusedSectionVars false`
warning: ShannonBounds/PortRealisation.lean:115:0: automatically included section variable(s) unused in theorem `ShannonBounds.RichPortSystem.sep_neutral_footprint`:
  [Fintype α]
consider restructuring your `variable` declarations so that the variables are not in scope or explicitly omit them:
  omit [Fintype α] in theorem ...

Note: This linter can be disabled with `set_option linter.unusedSectionVars false`
warning: ShannonBounds/PortRealisation.lean:125:0: automatically included section variable(s) unused in theorem `ShannonBounds.RichPortSystem.sep_neutral_ports`:
  [Fintype α]
consider restructuring your `variable` declarations so that the variables are not in scope or explicitly omit them:
  omit [Fintype α] in theorem ...

Note: This linter can be disabled with `set_option linter.unusedSectionVars false`
warning: ShannonBounds/PortRealisation.lean:129:0: automatically included section variable(s) unused in theorem `ShannonBounds.RichPortSystem.sep_neutral_transversal`:
  [Fintype α]
consider restructuring your `variable` declarations so that the variables are not in scope or explicitly omit them:
  omit [Fintype α] in theorem ...

Note: This linter can be disabled with `set_option linter.unusedSectionVars false`
warning: ShannonBounds/PortRealisation.lean:137:0: automatically included section variable(s) unused in theorem `ShannonBounds.RichPortSystem.sep_footprints`:
  [Fintype α]
consider restructuring your `variable` declarations so that the variables are not in scope or explicitly omit them:
  omit [Fintype α] in theorem ...

Note: This linter can be disabled with `set_option linter.unusedSectionVars false`
warning: ShannonBounds/PortRealisation.lean:145:0: automatically included section variable(s) unused in theorem `ShannonBounds.RichPortSystem.sep_footprint_other_transversal`:
  [Fintype α]
consider restructuring your `variable` declarations so that the variables are not in scope or explicitly omit them:
  omit [Fintype α] in theorem ...

Note: This linter can be disabled with `set_option linter.unusedSectionVars false`
warning: ShannonBounds/PortRealisation.lean:186:0: automatically included section variable(s) unused in theorem `ShannonBounds.RichPortSystem.ep_injOn`:
  [Fintype α]
consider restructuring your `variable` declarations so that the variables are not in scope or explicitly omit them:
  omit [Fintype α] in theorem ...

Note: This linter can be disabled with `set_option linter.unusedSectionVars false`
warning: ShannonBounds/PortRealisation.lean:191:8: automatically included section variable(s) unused in theorem `ShannonBounds.RichPortSystem.card_fam_O`:
  [Fintype α]
consider restructuring your `variable` declarations so that the variables are not in scope or explicitly omit them:
  omit [Fintype α] in theorem ...

Note: This linter can be disabled with `set_option linter.unusedSectionVars false`
warning: ShannonBounds/PortRealisation.lean:199:8: automatically included section variable(s) unused in theorem `ShannonBounds.RichPortSystem.card_fam_B`:
  [Fintype α]
consider restructuring your `variable` declarations so that the variables are not in scope or explicitly omit them:
  omit [Fintype α] in theorem ...

Note: This linter can be disabled with `set_option linter.unusedSectionVars false`
warning: ShannonBounds/PortRealisation.lean:203:8: automatically included section variable(s) unused in theorem `ShannonBounds.RichPortSystem.card_fam_N`:
  [Fintype α]
consider restructuring your `variable` declarations so that the variables are not in scope or explicitly omit them:
  omit [Fintype α] in theorem ...

Note: This linter can be disabled with `set_option linter.unusedSectionVars false`
✔ [2052/2067] Built ShannonBounds.BaseC13Data (7.7s)
✔ [2053/2067] Built ShannonBounds.CapC11 (2.5s)
✔ [2054/2067] Built ShannonBounds.BaseC13Sets (1.7s)
✔ [2055/2067] Built ShannonBounds.BaseC13Ports (9.6s)
✔ [2056/2067] Built ShannonBounds.BaseC13PIndep (19s)
✔ [2057/2067] Built ShannonBounds.BaseC13Priv (30s)
✔ [2058/2067] Built ShannonBounds.TerminalCodes (49s)
✔ [2059/2067] Built ShannonBounds.BaseC13Foot (40s)
✔ [2060/2067] Built ShannonBounds.BaseC13 (4.7s)
✔ [2061/2067] Built ShannonBounds.CycleC13 (3.3s)
✔ [2062/2067] Built ShannonBounds.CapC13 (1.9s)
✔ [2063/2067] Built ShannonBounds.Substitutions (68s)
✔ [2064/2067] Built ShannonBounds.CertC11 (3.6s)
✔ [2065/2067] Built ShannonBounds.CertC13 (3.7s)
✔ [2066/2067] Built ShannonBounds.CapCertC11 (2.1s)
✔ [2067/2067] Built ShannonBounds.CapCertC13 (1.0s)
Build completed successfully (2067 jobs).
