DP 2 3 input_combinations 1 elapsed 0.20338196300002664
DP 3 8 input_combinations 4 elapsed 0.20538960700002917
DP 4 11 input_combinations 20 elapsed 0.20887324400001717
DP 5 10 input_combinations 52 elapsed 0.2174243250000245
DP 6 11 input_combinations 169 elapsed 0.2393784440000104
DP 7 12 input_combinations 308 elapsed 0.2940036950000149
DP 8 13 input_combinations 666 elapsed 0.41782296400003816
DP 9 12 input_combinations 1359 elapsed 1.2246982760000265
DP 10 12 input_combinations 2021 elapsed 2.4517709280000304
DP 11 12 input_combinations 3072 elapsed 4.3089891710000074
DP 12 13 input_combinations 4905 elapsed 6.8650197450000405
DP 13 14 input_combinations 5959 elapsed 8.412896932000024
DP 14 14 input_combinations 7974 elapsed 10.410097734000033
DP 15 14 input_combinations 10468 elapsed 13.236203899000031
DP 16 14 input_combinations 12842 elapsed 16.730114273000027
DP 17 14 input_combinations 15642 elapsed 20.968599717000018
DP 18 14 input_combinations 19551 elapsed 26.397114516000045
DP 19 14 input_combinations 22753 elapsed 32.68949588700002
DP 20 14 input_combinations 27067 elapsed 40.24271066100005
DP 21 14 input_combinations 32047 elapsed 49.23939957900001
DP 22 14 input_combinations 36587 elapsed 58.963555392000046
DP 23 13 input_combinations 41850 elapsed 70.81510121400004
DP 24 13 input_combinations 48593 elapsed 84.88472906800001
DP 25 14 input_combinations 53976 elapsed 100.196477867
DP 26 14 input_combinations 60883 elapsed 116.92940497000001
DP 27 15 input_combinations 68517 elapsed 143.593397149
DP 28 15 input_combinations 63685 elapsed 180.023108814
