$ lake env lean -o C11_AxiomAudit.olean C11_AxiomAudit.lean
C11_scope_exact_set :
  ∃ S,
    SimpleGraph.IsIndepSet.{0} (SimpleGraph.strongPower.{0} (SimpleGraph.cycleGraph 11) 207) ↑S ∧
      Eq.{1} (Finset.card.{0} S)
        705692619930489413584189552943991443716392885026759451863953624242911159057444856108323516589876967077721069272782760798453832061060020786354479288616
C11_scope_capacity : LE.le.{0} 5.295492477500681 (shannonCapacity.{0} (SimpleGraph.cycleGraph 11))
C11_scope_strict_root :
  LT.lt.{0}
    (HPow.hPow.{0, 0, 0}
      (↑705688158939417766083006128695703821080101605304173623991920300506716846627203440324635068341693109509608786929844839653207121849017872676157797788816)
      (HDiv.hDiv.{0, 0, 0} 1 ↑207))
    (HPow.hPow.{0, 0, 0}
      (↑705692619930489413584189552943991443716392885026759451863953624242911159057444856108323516589876967077721069272782760798453832061060020786354479288616)
      (HDiv.hDiv.{0, 0, 0} 1 ↑207))
'ShannonBounds.C11AuxiliaryTrade.T3mix_eq_row_hybrid' depends on axioms: [propext,
 Classical.choice.{u},
 Quot.sound.{u},
 C11AuxiliaryTrade.T3mix_eq_row_hybrid._native.native_decide.ax_1_1,
 C11AuxiliaryTrade.T3mix_eq_row_hybrid._native.native_decide.ax_1_2,
 C11AuxiliaryTrade.T3mix_eq_row_hybrid._native.native_decide.ax_1_3,
 C11AuxiliaryTrade.T3mix_eq_row_hybrid._native.native_decide.ax_1_4,
 C11AuxiliaryTrade.T3mix_eq_row_hybrid._native.native_decide.ax_1_5,
 C11AuxiliaryTrade.T3mix_eq_row_hybrid._native.native_decide.ax_1_6,
 C11AuxiliaryTrade.T3mix_eq_row_hybrid._native.native_decide.ax_1_7]
'ShannonBounds.C11AuxiliaryTrade.S3mix' depends on axioms: [propext,
 Classical.choice.{u},
 Quot.sound.{u},
 C11AuxiliaryTrade.S3mix._native.native_decide.ax_1,
 C11AuxiliaryTrade.S3mix._native.native_decide.ax_2]
'ShannonBounds.C11AuxiliaryTrade.stepx27' depends on axioms: [propext,
 Classical.choice.{u},
 Quot.sound.{u},
 C11AuxiliaryTrade.S3mix._native.native_decide.ax_1,
 C11AuxiliaryTrade.S3mix._native.native_decide.ax_2,
 C11AuxiliaryTrade.stepx27._native.native_decide.ax_1_1,
 C11AuxiliaryTrade.stepx27._native.native_decide.ax_1_2,
 C11AuxiliaryTrade.stepx27._native.native_decide.ax_1_3,
 C11AuxiliaryTrade.stepx27._native.native_decide.ax_1_4,
 C11AuxiliaryTrade.stepx27._native.native_decide.ax_1_5,
 C11AuxiliaryTrade.stepx27._native.native_decide.ax_1_6,
 C11AuxiliaryTrade.stepx27._native.native_decide.ax_1_7,
 CertC11.stepb2._native.native_decide.ax_1_1,
 CertC11.stepb2._native.native_decide.ax_1_2,
 CertC11.stepb2._native.native_decide.ax_1_3,
 CertC11.stepb2._native.native_decide.ax_1_4,
 CertC11.stepb2._native.native_decide.ax_1_5,
 CertC11.stepb2._native.native_decide.ax_1_6,
 CertC11.stepb2._native.native_decide.ax_1_7,
 CertC11.stepg3._native.native_decide.ax_1_1,
 CertC11.stepg3._native.native_decide.ax_1_2,
 CertC11.stepg3._native.native_decide.ax_1_3,
 CertC11.stepg3._native.native_decide.ax_1_4,
 CertC11.stepg3._native.native_decide.ax_1_5,
 CertC11.stepg3._native.native_decide.ax_1_6,
 CertC11.stepg3._native.native_decide.ax_1_7,
 CertC11.steph4._native.native_decide.ax_1_1,
 CertC11.steph4._native.native_decide.ax_1_2,
 CertC11.steph4._native.native_decide.ax_1_3,
 CertC11.steph4._native.native_decide.ax_1_4,
 CertC11.steph4._native.native_decide.ax_1_5,
 CertC11.steph4._native.native_decide.ax_1_6,
 CertC11.steph4._native.native_decide.ax_1_7,
 CertC11.steph5._native.native_decide.ax_1_1,
 CertC11.steph5._native.native_decide.ax_1_2,
 CertC11.steph5._native.native_decide.ax_1_3,
 CertC11.steph5._native.native_decide.ax_1_4,
 CertC11.steph5._native.native_decide.ax_1_5,
 CertC11.steph5._native.native_decide.ax_1_6,
 CertC11.steph5._native.native_decide.ax_1_7,
 CertC11.steph6._native.native_decide.ax_1_1,
 CertC11.steph6._native.native_decide.ax_1_2,
 CertC11.steph6._native.native_decide.ax_1_3,
 CertC11.steph6._native.native_decide.ax_1_4,
 CertC11.steph6._native.native_decide.ax_1_5,
 CertC11.steph6._native.native_decide.ax_1_6,
 CertC11.steph6._native.native_decide.ax_1_7,
 CertC11.steph7._native.native_decide.ax_1_1,
 CertC11.steph7._native.native_decide.ax_1_2,
 CertC11.steph7._native.native_decide.ax_1_3,
 CertC11.steph7._native.native_decide.ax_1_4,
 CertC11.steph7._native.native_decide.ax_1_5,
 CertC11.steph7._native.native_decide.ax_1_6,
 CertC11.steph7._native.native_decide.ax_1_7,
 CertC11.steph8._native.native_decide.ax_1_1,
 CertC11.steph8._native.native_decide.ax_1_2,
 CertC11.steph8._native.native_decide.ax_1_3,
 CertC11.steph8._native.native_decide.ax_1_4,
 CertC11.steph8._native.native_decide.ax_1_5,
 CertC11.steph8._native.native_decide.ax_1_6,
 CertC11.steph8._native.native_decide.ax_1_7,
 CertC11.steph9._native.native_decide.ax_1_1,
 CertC11.steph9._native.native_decide.ax_1_2,
 CertC11.steph9._native.native_decide.ax_1_3,
 CertC11.steph9._native.native_decide.ax_1_4,
 CertC11.steph9._native.native_decide.ax_1_5,
 CertC11.steph9._native.native_decide.ax_1_6,
 CertC11.steph9._native.native_decide.ax_1_7,
 CertC11.stepp11._native.native_decide.ax_1_1,
 CertC11.stepp11._native.native_decide.ax_1_2,
 CertC11.stepp11._native.native_decide.ax_1_3,
 CertC11.stepp11._native.native_decide.ax_1_4,
 CertC11.stepp11._native.native_decide.ax_1_5,
 CertC11.stepp11._native.native_decide.ax_1_6,
 CertC11.stepp11._native.native_decide.ax_1_7,
 Substitutions.S2b._native.native_decide.ax_1,
 Substitutions.S2b._native.native_decide.ax_2,
 Substitutions.S3c._native.native_decide.ax_1,
 Substitutions.S3c._native.native_decide.ax_2]
'ShannonBounds.C11AuxiliaryTrade.card_code69' depends on axioms: [propext,
 Classical.choice.{u},
 Quot.sound.{u},
 C11AuxiliaryTrade.S3mix._native.native_decide.ax_1,
 C11AuxiliaryTrade.S3mix._native.native_decide.ax_2,
 C11AuxiliaryTrade.stepx27._native.native_decide.ax_1_1,
 C11AuxiliaryTrade.stepx27._native.native_decide.ax_1_2,
 C11AuxiliaryTrade.stepx27._native.native_decide.ax_1_3,
 C11AuxiliaryTrade.stepx27._native.native_decide.ax_1_4,
 C11AuxiliaryTrade.stepx27._native.native_decide.ax_1_5,
 C11AuxiliaryTrade.stepx27._native.native_decide.ax_1_6,
 C11AuxiliaryTrade.stepx27._native.native_decide.ax_1_7,
 C11AuxiliaryTrade.terminal_value._native.native_decide.ax_1_1,
 CertC11.stepb10._native.native_decide.ax_1_1,
 CertC11.stepb10._native.native_decide.ax_1_2,
 CertC11.stepb10._native.native_decide.ax_1_3,
 CertC11.stepb10._native.native_decide.ax_1_4,
 CertC11.stepb10._native.native_decide.ax_1_5,
 CertC11.stepb10._native.native_decide.ax_1_6,
 CertC11.stepb10._native.native_decide.ax_1_7,
 CertC11.stepb11._native.native_decide.ax_1_1,
 CertC11.stepb11._native.native_decide.ax_1_2,
 CertC11.stepb11._native.native_decide.ax_1_3,
 CertC11.stepb11._native.native_decide.ax_1_4,
 CertC11.stepb11._native.native_decide.ax_1_5,
 CertC11.stepb11._native.native_decide.ax_1_6,
 CertC11.stepb11._native.native_decide.ax_1_7,
 CertC11.stepb12._native.native_decide.ax_1_1,
 CertC11.stepb12._native.native_decide.ax_1_2,
 CertC11.stepb12._native.native_decide.ax_1_3,
 CertC11.stepb12._native.native_decide.ax_1_4,
 CertC11.stepb12._native.native_decide.ax_1_5,
 CertC11.stepb12._native.native_decide.ax_1_6,
 CertC11.stepb12._native.native_decide.ax_1_7,
 CertC11.stepb13._native.native_decide.ax_1_1,
 CertC11.stepb13._native.native_decide.ax_1_2,
 CertC11.stepb13._native.native_decide.ax_1_3,
 CertC11.stepb13._native.native_decide.ax_1_4,
 CertC11.stepb13._native.native_decide.ax_1_5,
 CertC11.stepb13._native.native_decide.ax_1_6,
 CertC11.stepb13._native.native_decide.ax_1_7,
 CertC11.stepb2._native.native_decide.ax_1_1,
 CertC11.stepb2._native.native_decide.ax_1_2,
 CertC11.stepb2._native.native_decide.ax_1_3,
 CertC11.stepb2._native.native_decide.ax_1_4,
 CertC11.stepb2._native.native_decide.ax_1_5,
 CertC11.stepb2._native.native_decide.ax_1_6,
 CertC11.stepb2._native.native_decide.ax_1_7,
 CertC11.stepb3._native.native_decide.ax_1_1,
 CertC11.stepb3._native.native_decide.ax_1_2,
 CertC11.stepb3._native.native_decide.ax_1_3,
 CertC11.stepb3._native.native_decide.ax_1_4,
 CertC11.stepb3._native.native_decide.ax_1_5,
 CertC11.stepb3._native.native_decide.ax_1_6,
 CertC11.stepb3._native.native_decide.ax_1_7,
 CertC11.stepb4._native.native_decide.ax_1_1,
 CertC11.stepb4._native.native_decide.ax_1_2,
 CertC11.stepb4._native.native_decide.ax_1_3,
 CertC11.stepb4._native.native_decide.ax_1_4,
 CertC11.stepb4._native.native_decide.ax_1_5,
 CertC11.stepb4._native.native_decide.ax_1_6,
 CertC11.stepb4._native.native_decide.ax_1_7,
 CertC11.stepb5._native.native_decide.ax_1_1,
 CertC11.stepb5._native.native_decide.ax_1_2,
 CertC11.stepb5._native.native_decide.ax_1_3,
 CertC11.stepb5._native.native_decide.ax_1_4,
 CertC11.stepb5._native.native_decide.ax_1_5,
 CertC11.stepb5._native.native_decide.ax_1_6,
 CertC11.stepb5._native.native_decide.ax_1_7,
 CertC11.stepb6._native.native_decide.ax_1_1,
 CertC11.stepb6._native.native_decide.ax_1_2,
 CertC11.stepb6._native.native_decide.ax_1_3,
 CertC11.stepb6._native.native_decide.ax_1_4,
 CertC11.stepb6._native.native_decide.ax_1_5,
 CertC11.stepb6._native.native_decide.ax_1_6,
 CertC11.stepb6._native.native_decide.ax_1_7,
 CertC11.stepb7._native.native_decide.ax_1_1,
 CertC11.stepb7._native.native_decide.ax_1_2,
 CertC11.stepb7._native.native_decide.ax_1_3,
 CertC11.stepb7._native.native_decide.ax_1_4,
 CertC11.stepb7._native.native_decide.ax_1_5,
 CertC11.stepb7._native.native_decide.ax_1_6,
 CertC11.stepb7._native.native_decide.ax_1_7,
 CertC11.stepb8._native.native_decide.ax_1_1,
 CertC11.stepb8._native.native_decide.ax_1_2,
 CertC11.stepb8._native.native_decide.ax_1_3,
 CertC11.stepb8._native.native_decide.ax_1_4,
 CertC11.stepb8._native.native_decide.ax_1_5,
 CertC11.stepb8._native.native_decide.ax_1_6,
 CertC11.stepb8._native.native_decide.ax_1_7,
 CertC11.stepb9._native.native_decide.ax_1_1,
 CertC11.stepb9._native.native_decide.ax_1_2,
 CertC11.stepb9._native.native_decide.ax_1_3,
 CertC11.stepb9._native.native_decide.ax_1_4,
 CertC11.stepb9._native.native_decide.ax_1_5,
 CertC11.stepb9._native.native_decide.ax_1_6,
 CertC11.stepb9._native.native_decide.ax_1_7,
 CertC11.stepg3._native.native_decide.ax_1_1,
 CertC11.stepg3._native.native_decide.ax_1_2,
 CertC11.stepg3._native.native_decide.ax_1_3,
 CertC11.stepg3._native.native_decide.ax_1_4,
 CertC11.stepg3._native.native_decide.ax_1_5,
 CertC11.stepg3._native.native_decide.ax_1_6,
 CertC11.stepg3._native.native_decide.ax_1_7,
 CertC11.steph4._native.native_decide.ax_1_1,
 CertC11.steph4._native.native_decide.ax_1_2,
 CertC11.steph4._native.native_decide.ax_1_3,
 CertC11.steph4._native.native_decide.ax_1_4,
 CertC11.steph4._native.native_decide.ax_1_5,
 CertC11.steph4._native.native_decide.ax_1_6,
 CertC11.steph4._native.native_decide.ax_1_7,
 CertC11.steph5._native.native_decide.ax_1_1,
 CertC11.steph5._native.native_decide.ax_1_2,
 CertC11.steph5._native.native_decide.ax_1_3,
 CertC11.steph5._native.native_decide.ax_1_4,
 CertC11.steph5._native.native_decide.ax_1_5,
 CertC11.steph5._native.native_decide.ax_1_6,
 CertC11.steph5._native.native_decide.ax_1_7,
 CertC11.steph6._native.native_decide.ax_1_1,
 CertC11.steph6._native.native_decide.ax_1_2,
 CertC11.steph6._native.native_decide.ax_1_3,
 CertC11.steph6._native.native_decide.ax_1_4,
 CertC11.steph6._native.native_decide.ax_1_5,
 CertC11.steph6._native.native_decide.ax_1_6,
 CertC11.steph6._native.native_decide.ax_1_7,
 CertC11.steph7._native.native_decide.ax_1_1,
 CertC11.steph7._native.native_decide.ax_1_2,
 CertC11.steph7._native.native_decide.ax_1_3,
 CertC11.steph7._native.native_decide.ax_1_4,
 CertC11.steph7._native.native_decide.ax_1_5,
 CertC11.steph7._native.native_decide.ax_1_6,
 CertC11.steph7._native.native_decide.ax_1_7,
 CertC11.steph8._native.native_decide.ax_1_1,
 CertC11.steph8._native.native_decide.ax_1_2,
 CertC11.steph8._native.native_decide.ax_1_3,
 CertC11.steph8._native.native_decide.ax_1_4,
 CertC11.steph8._native.native_decide.ax_1_5,
 CertC11.steph8._native.native_decide.ax_1_6,
 CertC11.steph8._native.native_decide.ax_1_7,
 CertC11.steph9._native.native_decide.ax_1_1,
 CertC11.steph9._native.native_decide.ax_1_2,
 CertC11.steph9._native.native_decide.ax_1_3,
 CertC11.steph9._native.native_decide.ax_1_4,
 CertC11.steph9._native.native_decide.ax_1_5,
 CertC11.steph9._native.native_decide.ax_1_6,
 CertC11.steph9._native.native_decide.ax_1_7,
 CertC11.stepp11._native.native_decide.ax_1_1,
 CertC11.stepp11._native.native_decide.ax_1_2,
 CertC11.stepp11._native.native_decide.ax_1_3,
 CertC11.stepp11._native.native_decide.ax_1_4,
 CertC11.stepp11._native.native_decide.ax_1_5,
 CertC11.stepp11._native.native_decide.ax_1_6,
 CertC11.stepp11._native.native_decide.ax_1_7,
 CertC11.stepx29._native.native_decide.ax_1_1,
 CertC11.stepx29._native.native_decide.ax_1_2,
 CertC11.stepx29._native.native_decide.ax_1_3,
 CertC11.stepx29._native.native_decide.ax_1_4,
 CertC11.stepx29._native.native_decide.ax_1_5,
 CertC11.stepx29._native.native_decide.ax_1_6,
 CertC11.stepx29._native.native_decide.ax_1_7,
 Substitutions.S2b._native.native_decide.ax_1,
 Substitutions.S2b._native.native_decide.ax_2,
 Substitutions.S3c._native.native_decide.ax_1,
 Substitutions.S3c._native.native_decide.ax_2,
 TerminalCodes.K3a._native.native_decide.ax_1]
'ShannonBounds.C11AuxiliaryTrade.card_code207' depends on axioms: [propext,
 Classical.choice.{u},
 Quot.sound.{u},
 BaseC11.IlenCheck._native.native_decide.ax_1_1,
 BaseC11.Iset._native.native_decide.ax_1,
 BaseC11.XcFalseLenCheck._native.native_decide.ax_1_1,
 BaseC11.XcTrueLenCheck._native.native_decide.ax_1_1,
 BaseC11.XlenCheck._native.native_decide.ax_1_1,
 BaseC11.Xset._native.native_decide.ax_1,
 BaseC11.altInjCheck._native.native_decide.ax_1_1,
 BaseC11.altNotCheck._native.native_decide.ax_1_1,
 BaseC11.epParentCheck._native.native_decide.ax_1_1,
 BaseC11.pFalseCheck._native.native_decide.ax_1_1,
 BaseC11.pTrueCheck._native.native_decide.ax_1_1,
 BaseC11.pairConflict._native.native_decide.ax_1_1,
 BaseC11.pairwiseOK_I._native.native_decide.ax_1_1,
 BaseC11.pairwiseOK_X._native.native_decide.ax_1_1,
 BaseC11.portsCheck._native.native_decide.ax_1_1,
 BaseC11.portsLenCheck._native.native_decide.ax_1_1,
 BaseC11.portsSet._native.native_decide.ax_1,
 BaseC11.privCheck._native.native_decide.ax_1_1,
 BaseC11.sconf_iff_conflict._native.native_decide.ax_1_1,
 BaseC11.sconf_refl._native.native_decide.ax_1_1,
 BaseC11.sconf_symm._native.native_decide.ax_1_1,
 BaseC11.sepCheck._native.native_decide.ax_1_1,
 C11AuxiliaryTrade.S3mix._native.native_decide.ax_1,
 C11AuxiliaryTrade.S3mix._native.native_decide.ax_2,
 C11AuxiliaryTrade.stepx27._native.native_decide.ax_1_1,
 C11AuxiliaryTrade.stepx27._native.native_decide.ax_1_2,
 C11AuxiliaryTrade.stepx27._native.native_decide.ax_1_3,
 C11AuxiliaryTrade.stepx27._native.native_decide.ax_1_4,
 C11AuxiliaryTrade.stepx27._native.native_decide.ax_1_5,
 C11AuxiliaryTrade.stepx27._native.native_decide.ax_1_6,
 C11AuxiliaryTrade.stepx27._native.native_decide.ax_1_7,
 C11AuxiliaryTrade.terminal_value._native.native_decide.ax_1_1,
 CertC11.stepb10._native.native_decide.ax_1_1,
 CertC11.stepb10._native.native_decide.ax_1_2,
 CertC11.stepb10._native.native_decide.ax_1_3,
 CertC11.stepb10._native.native_decide.ax_1_4,
 CertC11.stepb10._native.native_decide.ax_1_5,
 CertC11.stepb10._native.native_decide.ax_1_6,
 CertC11.stepb10._native.native_decide.ax_1_7,
 CertC11.stepb11._native.native_decide.ax_1_1,
 CertC11.stepb11._native.native_decide.ax_1_2,
 CertC11.stepb11._native.native_decide.ax_1_3,
 CertC11.stepb11._native.native_decide.ax_1_4,
 CertC11.stepb11._native.native_decide.ax_1_5,
 CertC11.stepb11._native.native_decide.ax_1_6,
 CertC11.stepb11._native.native_decide.ax_1_7,
 CertC11.stepb12._native.native_decide.ax_1_1,
 CertC11.stepb12._native.native_decide.ax_1_2,
 CertC11.stepb12._native.native_decide.ax_1_3,
 CertC11.stepb12._native.native_decide.ax_1_4,
 CertC11.stepb12._native.native_decide.ax_1_5,
 CertC11.stepb12._native.native_decide.ax_1_6,
 CertC11.stepb12._native.native_decide.ax_1_7,
 CertC11.stepb13._native.native_decide.ax_1_1,
 CertC11.stepb13._native.native_decide.ax_1_2,
 CertC11.stepb13._native.native_decide.ax_1_3,
 CertC11.stepb13._native.native_decide.ax_1_4,
 CertC11.stepb13._native.native_decide.ax_1_5,
 CertC11.stepb13._native.native_decide.ax_1_6,
 CertC11.stepb13._native.native_decide.ax_1_7,
 CertC11.stepb2._native.native_decide.ax_1_1,
 CertC11.stepb2._native.native_decide.ax_1_2,
 CertC11.stepb2._native.native_decide.ax_1_3,
 CertC11.stepb2._native.native_decide.ax_1_4,
 CertC11.stepb2._native.native_decide.ax_1_5,
 CertC11.stepb2._native.native_decide.ax_1_6,
 CertC11.stepb2._native.native_decide.ax_1_7,
 CertC11.stepb3._native.native_decide.ax_1_1,
 CertC11.stepb3._native.native_decide.ax_1_2,
 CertC11.stepb3._native.native_decide.ax_1_3,
 CertC11.stepb3._native.native_decide.ax_1_4,
 CertC11.stepb3._native.native_decide.ax_1_5,
 CertC11.stepb3._native.native_decide.ax_1_6,
 CertC11.stepb3._native.native_decide.ax_1_7,
 CertC11.stepb4._native.native_decide.ax_1_1,
 CertC11.stepb4._native.native_decide.ax_1_2,
 CertC11.stepb4._native.native_decide.ax_1_3,
 CertC11.stepb4._native.native_decide.ax_1_4,
 CertC11.stepb4._native.native_decide.ax_1_5,
 CertC11.stepb4._native.native_decide.ax_1_6,
 CertC11.stepb4._native.native_decide.ax_1_7,
 CertC11.stepb5._native.native_decide.ax_1_1,
 CertC11.stepb5._native.native_decide.ax_1_2,
 CertC11.stepb5._native.native_decide.ax_1_3,
 CertC11.stepb5._native.native_decide.ax_1_4,
 CertC11.stepb5._native.native_decide.ax_1_5,
 CertC11.stepb5._native.native_decide.ax_1_6,
 CertC11.stepb5._native.native_decide.ax_1_7,
 CertC11.stepb6._native.native_decide.ax_1_1,
 CertC11.stepb6._native.native_decide.ax_1_2,
 CertC11.stepb6._native.native_decide.ax_1_3,
 CertC11.stepb6._native.native_decide.ax_1_4,
 CertC11.stepb6._native.native_decide.ax_1_5,
 CertC11.stepb6._native.native_decide.ax_1_6,
 CertC11.stepb6._native.native_decide.ax_1_7,
 CertC11.stepb7._native.native_decide.ax_1_1,
 CertC11.stepb7._native.native_decide.ax_1_2,
 CertC11.stepb7._native.native_decide.ax_1_3,
 CertC11.stepb7._native.native_decide.ax_1_4,
 CertC11.stepb7._native.native_decide.ax_1_5,
 CertC11.stepb7._native.native_decide.ax_1_6,
 CertC11.stepb7._native.native_decide.ax_1_7,
 CertC11.stepb8._native.native_decide.ax_1_1,
 CertC11.stepb8._native.native_decide.ax_1_2,
 CertC11.stepb8._native.native_decide.ax_1_3,
 CertC11.stepb8._native.native_decide.ax_1_4,
 CertC11.stepb8._native.native_decide.ax_1_5,
 CertC11.stepb8._native.native_decide.ax_1_6,
 CertC11.stepb8._native.native_decide.ax_1_7,
 CertC11.stepb9._native.native_decide.ax_1_1,
 CertC11.stepb9._native.native_decide.ax_1_2,
 CertC11.stepb9._native.native_decide.ax_1_3,
 CertC11.stepb9._native.native_decide.ax_1_4,
 CertC11.stepb9._native.native_decide.ax_1_5,
 CertC11.stepb9._native.native_decide.ax_1_6,
 CertC11.stepb9._native.native_decide.ax_1_7,
 CertC11.stepg3._native.native_decide.ax_1_1,
 CertC11.stepg3._native.native_decide.ax_1_2,
 CertC11.stepg3._native.native_decide.ax_1_3,
 CertC11.stepg3._native.native_decide.ax_1_4,
 CertC11.stepg3._native.native_decide.ax_1_5,
 CertC11.stepg3._native.native_decide.ax_1_6,
 CertC11.stepg3._native.native_decide.ax_1_7,
 CertC11.steph4._native.native_decide.ax_1_1,
 CertC11.steph4._native.native_decide.ax_1_2,
 CertC11.steph4._native.native_decide.ax_1_3,
 CertC11.steph4._native.native_decide.ax_1_4,
 CertC11.steph4._native.native_decide.ax_1_5,
 CertC11.steph4._native.native_decide.ax_1_6,
 CertC11.steph4._native.native_decide.ax_1_7,
 CertC11.steph5._native.native_decide.ax_1_1,
 CertC11.steph5._native.native_decide.ax_1_2,
 CertC11.steph5._native.native_decide.ax_1_3,
 CertC11.steph5._native.native_decide.ax_1_4,
 CertC11.steph5._native.native_decide.ax_1_5,
 CertC11.steph5._native.native_decide.ax_1_6,
 CertC11.steph5._native.native_decide.ax_1_7,
 CertC11.steph6._native.native_decide.ax_1_1,
 CertC11.steph6._native.native_decide.ax_1_2,
 CertC11.steph6._native.native_decide.ax_1_3,
 CertC11.steph6._native.native_decide.ax_1_4,
 CertC11.steph6._native.native_decide.ax_1_5,
 CertC11.steph6._native.native_decide.ax_1_6,
 CertC11.steph6._native.native_decide.ax_1_7,
 CertC11.steph7._native.native_decide.ax_1_1,
 CertC11.steph7._native.native_decide.ax_1_2,
 CertC11.steph7._native.native_decide.ax_1_3,
 CertC11.steph7._native.native_decide.ax_1_4,
 CertC11.steph7._native.native_decide.ax_1_5,
 CertC11.steph7._native.native_decide.ax_1_6,
 CertC11.steph7._native.native_decide.ax_1_7,
 CertC11.steph8._native.native_decide.ax_1_1,
 CertC11.steph8._native.native_decide.ax_1_2,
 CertC11.steph8._native.native_decide.ax_1_3,
 CertC11.steph8._native.native_decide.ax_1_4,
 CertC11.steph8._native.native_decide.ax_1_5,
 CertC11.steph8._native.native_decide.ax_1_6,
 CertC11.steph8._native.native_decide.ax_1_7,
 CertC11.steph9._native.native_decide.ax_1_1,
 CertC11.steph9._native.native_decide.ax_1_2,
 CertC11.steph9._native.native_decide.ax_1_3,
 CertC11.steph9._native.native_decide.ax_1_4,
 CertC11.steph9._native.native_decide.ax_1_5,
 CertC11.steph9._native.native_decide.ax_1_6,
 CertC11.steph9._native.native_decide.ax_1_7,
 CertC11.stepp11._native.native_decide.ax_1_1,
 CertC11.stepp11._native.native_decide.ax_1_2,
 CertC11.stepp11._native.native_decide.ax_1_3,
 CertC11.stepp11._native.native_decide.ax_1_4,
 CertC11.stepp11._native.native_decide.ax_1_5,
 CertC11.stepp11._native.native_decide.ax_1_6,
 CertC11.stepp11._native.native_decide.ax_1_7,
 CertC11.stepx29._native.native_decide.ax_1_1,
 CertC11.stepx29._native.native_decide.ax_1_2,
 CertC11.stepx29._native.native_decide.ax_1_3,
 CertC11.stepx29._native.native_decide.ax_1_4,
 CertC11.stepx29._native.native_decide.ax_1_5,
 CertC11.stepx29._native.native_decide.ax_1_6,
 CertC11.stepx29._native.native_decide.ax_1_7,
 Substitutions.S2b._native.native_decide.ax_1,
 Substitutions.S2b._native.native_decide.ax_2,
 Substitutions.S3c._native.native_decide.ax_1,
 Substitutions.S3c._native.native_decide.ax_2,
 TerminalCodes.K3a._native.native_decide.ax_1]
'ShannonBounds.C11AuxiliaryTrade.independent_code207' depends on axioms: [propext,
 Classical.choice.{u},
 Quot.sound.{u},
 BaseC11.Iset._native.native_decide.ax_1,
 BaseC11.Xset._native.native_decide.ax_1,
 BaseC11.altInjCheck._native.native_decide.ax_1_1,
 BaseC11.altNotCheck._native.native_decide.ax_1_1,
 BaseC11.epParentCheck._native.native_decide.ax_1_1,
 BaseC11.pFalseCheck._native.native_decide.ax_1_1,
 BaseC11.pTrueCheck._native.native_decide.ax_1_1,
 BaseC11.pairConflict._native.native_decide.ax_1_1,
 BaseC11.pairwiseOK_I._native.native_decide.ax_1_1,
 BaseC11.pairwiseOK_X._native.native_decide.ax_1_1,
 BaseC11.portsCheck._native.native_decide.ax_1_1,
 BaseC11.portsSet._native.native_decide.ax_1,
 BaseC11.privCheck._native.native_decide.ax_1_1,
 BaseC11.sconf_iff_conflict._native.native_decide.ax_1_1,
 BaseC11.sconf_refl._native.native_decide.ax_1_1,
 BaseC11.sconf_symm._native.native_decide.ax_1_1,
 BaseC11.sepCheck._native.native_decide.ax_1_1,
 C11AuxiliaryTrade.S3mix._native.native_decide.ax_1,
 C11AuxiliaryTrade.S3mix._native.native_decide.ax_2,
 Substitutions.S2b._native.native_decide.ax_1,
 Substitutions.S2b._native.native_decide.ax_2,
 Substitutions.S3c._native.native_decide.ax_1,
 Substitutions.S3c._native.native_decide.ax_2,
 TerminalCodes.K3a._native.native_decide.ax_1]
'ShannonBounds.C11AuxiliaryTrade.exists_code207' depends on axioms: [propext,
 Classical.choice.{u},
 Quot.sound.{u},
 BaseC11.IlenCheck._native.native_decide.ax_1_1,
 BaseC11.Iset._native.native_decide.ax_1,
 BaseC11.XcFalseLenCheck._native.native_decide.ax_1_1,
 BaseC11.XcTrueLenCheck._native.native_decide.ax_1_1,
 BaseC11.XlenCheck._native.native_decide.ax_1_1,
 BaseC11.Xset._native.native_decide.ax_1,
 BaseC11.altInjCheck._native.native_decide.ax_1_1,
 BaseC11.altNotCheck._native.native_decide.ax_1_1,
 BaseC11.epParentCheck._native.native_decide.ax_1_1,
 BaseC11.pFalseCheck._native.native_decide.ax_1_1,
 BaseC11.pTrueCheck._native.native_decide.ax_1_1,
 BaseC11.pairConflict._native.native_decide.ax_1_1,
 BaseC11.pairwiseOK_I._native.native_decide.ax_1_1,
 BaseC11.pairwiseOK_X._native.native_decide.ax_1_1,
 BaseC11.portsCheck._native.native_decide.ax_1_1,
 BaseC11.portsLenCheck._native.native_decide.ax_1_1,
 BaseC11.portsSet._native.native_decide.ax_1,
 BaseC11.privCheck._native.native_decide.ax_1_1,
 BaseC11.sconf_iff_conflict._native.native_decide.ax_1_1,
 BaseC11.sconf_refl._native.native_decide.ax_1_1,
 BaseC11.sconf_symm._native.native_decide.ax_1_1,
 BaseC11.sepCheck._native.native_decide.ax_1_1,
 C11AuxiliaryTrade.S3mix._native.native_decide.ax_1,
 C11AuxiliaryTrade.S3mix._native.native_decide.ax_2,
 C11AuxiliaryTrade.stepx27._native.native_decide.ax_1_1,
 C11AuxiliaryTrade.stepx27._native.native_decide.ax_1_2,
 C11AuxiliaryTrade.stepx27._native.native_decide.ax_1_3,
 C11AuxiliaryTrade.stepx27._native.native_decide.ax_1_4,
 C11AuxiliaryTrade.stepx27._native.native_decide.ax_1_5,
 C11AuxiliaryTrade.stepx27._native.native_decide.ax_1_6,
 C11AuxiliaryTrade.stepx27._native.native_decide.ax_1_7,
 C11AuxiliaryTrade.terminal_value._native.native_decide.ax_1_1,
 CertC11.stepb10._native.native_decide.ax_1_1,
 CertC11.stepb10._native.native_decide.ax_1_2,
 CertC11.stepb10._native.native_decide.ax_1_3,
 CertC11.stepb10._native.native_decide.ax_1_4,
 CertC11.stepb10._native.native_decide.ax_1_5,
 CertC11.stepb10._native.native_decide.ax_1_6,
 CertC11.stepb10._native.native_decide.ax_1_7,
 CertC11.stepb11._native.native_decide.ax_1_1,
 CertC11.stepb11._native.native_decide.ax_1_2,
 CertC11.stepb11._native.native_decide.ax_1_3,
 CertC11.stepb11._native.native_decide.ax_1_4,
 CertC11.stepb11._native.native_decide.ax_1_5,
 CertC11.stepb11._native.native_decide.ax_1_6,
 CertC11.stepb11._native.native_decide.ax_1_7,
 CertC11.stepb12._native.native_decide.ax_1_1,
 CertC11.stepb12._native.native_decide.ax_1_2,
 CertC11.stepb12._native.native_decide.ax_1_3,
 CertC11.stepb12._native.native_decide.ax_1_4,
 CertC11.stepb12._native.native_decide.ax_1_5,
 CertC11.stepb12._native.native_decide.ax_1_6,
 CertC11.stepb12._native.native_decide.ax_1_7,
 CertC11.stepb13._native.native_decide.ax_1_1,
 CertC11.stepb13._native.native_decide.ax_1_2,
 CertC11.stepb13._native.native_decide.ax_1_3,
 CertC11.stepb13._native.native_decide.ax_1_4,
 CertC11.stepb13._native.native_decide.ax_1_5,
 CertC11.stepb13._native.native_decide.ax_1_6,
 CertC11.stepb13._native.native_decide.ax_1_7,
 CertC11.stepb2._native.native_decide.ax_1_1,
 CertC11.stepb2._native.native_decide.ax_1_2,
 CertC11.stepb2._native.native_decide.ax_1_3,
 CertC11.stepb2._native.native_decide.ax_1_4,
 CertC11.stepb2._native.native_decide.ax_1_5,
 CertC11.stepb2._native.native_decide.ax_1_6,
 CertC11.stepb2._native.native_decide.ax_1_7,
 CertC11.stepb3._native.native_decide.ax_1_1,
 CertC11.stepb3._native.native_decide.ax_1_2,
 CertC11.stepb3._native.native_decide.ax_1_3,
 CertC11.stepb3._native.native_decide.ax_1_4,
 CertC11.stepb3._native.native_decide.ax_1_5,
 CertC11.stepb3._native.native_decide.ax_1_6,
 CertC11.stepb3._native.native_decide.ax_1_7,
 CertC11.stepb4._native.native_decide.ax_1_1,
 CertC11.stepb4._native.native_decide.ax_1_2,
 CertC11.stepb4._native.native_decide.ax_1_3,
 CertC11.stepb4._native.native_decide.ax_1_4,
 CertC11.stepb4._native.native_decide.ax_1_5,
 CertC11.stepb4._native.native_decide.ax_1_6,
 CertC11.stepb4._native.native_decide.ax_1_7,
 CertC11.stepb5._native.native_decide.ax_1_1,
 CertC11.stepb5._native.native_decide.ax_1_2,
 CertC11.stepb5._native.native_decide.ax_1_3,
 CertC11.stepb5._native.native_decide.ax_1_4,
 CertC11.stepb5._native.native_decide.ax_1_5,
 CertC11.stepb5._native.native_decide.ax_1_6,
 CertC11.stepb5._native.native_decide.ax_1_7,
 CertC11.stepb6._native.native_decide.ax_1_1,
 CertC11.stepb6._native.native_decide.ax_1_2,
 CertC11.stepb6._native.native_decide.ax_1_3,
 CertC11.stepb6._native.native_decide.ax_1_4,
 CertC11.stepb6._native.native_decide.ax_1_5,
 CertC11.stepb6._native.native_decide.ax_1_6,
 CertC11.stepb6._native.native_decide.ax_1_7,
 CertC11.stepb7._native.native_decide.ax_1_1,
 CertC11.stepb7._native.native_decide.ax_1_2,
 CertC11.stepb7._native.native_decide.ax_1_3,
 CertC11.stepb7._native.native_decide.ax_1_4,
 CertC11.stepb7._native.native_decide.ax_1_5,
 CertC11.stepb7._native.native_decide.ax_1_6,
 CertC11.stepb7._native.native_decide.ax_1_7,
 CertC11.stepb8._native.native_decide.ax_1_1,
 CertC11.stepb8._native.native_decide.ax_1_2,
 CertC11.stepb8._native.native_decide.ax_1_3,
 CertC11.stepb8._native.native_decide.ax_1_4,
 CertC11.stepb8._native.native_decide.ax_1_5,
 CertC11.stepb8._native.native_decide.ax_1_6,
 CertC11.stepb8._native.native_decide.ax_1_7,
 CertC11.stepb9._native.native_decide.ax_1_1,
 CertC11.stepb9._native.native_decide.ax_1_2,
 CertC11.stepb9._native.native_decide.ax_1_3,
 CertC11.stepb9._native.native_decide.ax_1_4,
 CertC11.stepb9._native.native_decide.ax_1_5,
 CertC11.stepb9._native.native_decide.ax_1_6,
 CertC11.stepb9._native.native_decide.ax_1_7,
 CertC11.stepg3._native.native_decide.ax_1_1,
 CertC11.stepg3._native.native_decide.ax_1_2,
 CertC11.stepg3._native.native_decide.ax_1_3,
 CertC11.stepg3._native.native_decide.ax_1_4,
 CertC11.stepg3._native.native_decide.ax_1_5,
 CertC11.stepg3._native.native_decide.ax_1_6,
 CertC11.stepg3._native.native_decide.ax_1_7,
 CertC11.steph4._native.native_decide.ax_1_1,
 CertC11.steph4._native.native_decide.ax_1_2,
 CertC11.steph4._native.native_decide.ax_1_3,
 CertC11.steph4._native.native_decide.ax_1_4,
 CertC11.steph4._native.native_decide.ax_1_5,
 CertC11.steph4._native.native_decide.ax_1_6,
 CertC11.steph4._native.native_decide.ax_1_7,
 CertC11.steph5._native.native_decide.ax_1_1,
 CertC11.steph5._native.native_decide.ax_1_2,
 CertC11.steph5._native.native_decide.ax_1_3,
 CertC11.steph5._native.native_decide.ax_1_4,
 CertC11.steph5._native.native_decide.ax_1_5,
 CertC11.steph5._native.native_decide.ax_1_6,
 CertC11.steph5._native.native_decide.ax_1_7,
 CertC11.steph6._native.native_decide.ax_1_1,
 CertC11.steph6._native.native_decide.ax_1_2,
 CertC11.steph6._native.native_decide.ax_1_3,
 CertC11.steph6._native.native_decide.ax_1_4,
 CertC11.steph6._native.native_decide.ax_1_5,
 CertC11.steph6._native.native_decide.ax_1_6,
 CertC11.steph6._native.native_decide.ax_1_7,
 CertC11.steph7._native.native_decide.ax_1_1,
 CertC11.steph7._native.native_decide.ax_1_2,
 CertC11.steph7._native.native_decide.ax_1_3,
 CertC11.steph7._native.native_decide.ax_1_4,
 CertC11.steph7._native.native_decide.ax_1_5,
 CertC11.steph7._native.native_decide.ax_1_6,
 CertC11.steph7._native.native_decide.ax_1_7,
 CertC11.steph8._native.native_decide.ax_1_1,
 CertC11.steph8._native.native_decide.ax_1_2,
 CertC11.steph8._native.native_decide.ax_1_3,
 CertC11.steph8._native.native_decide.ax_1_4,
 CertC11.steph8._native.native_decide.ax_1_5,
 CertC11.steph8._native.native_decide.ax_1_6,
 CertC11.steph8._native.native_decide.ax_1_7,
 CertC11.steph9._native.native_decide.ax_1_1,
 CertC11.steph9._native.native_decide.ax_1_2,
 CertC11.steph9._native.native_decide.ax_1_3,
 CertC11.steph9._native.native_decide.ax_1_4,
 CertC11.steph9._native.native_decide.ax_1_5,
 CertC11.steph9._native.native_decide.ax_1_6,
 CertC11.steph9._native.native_decide.ax_1_7,
 CertC11.stepp11._native.native_decide.ax_1_1,
 CertC11.stepp11._native.native_decide.ax_1_2,
 CertC11.stepp11._native.native_decide.ax_1_3,
 CertC11.stepp11._native.native_decide.ax_1_4,
 CertC11.stepp11._native.native_decide.ax_1_5,
 CertC11.stepp11._native.native_decide.ax_1_6,
 CertC11.stepp11._native.native_decide.ax_1_7,
 CertC11.stepx29._native.native_decide.ax_1_1,
 CertC11.stepx29._native.native_decide.ax_1_2,
 CertC11.stepx29._native.native_decide.ax_1_3,
 CertC11.stepx29._native.native_decide.ax_1_4,
 CertC11.stepx29._native.native_decide.ax_1_5,
 CertC11.stepx29._native.native_decide.ax_1_6,
 CertC11.stepx29._native.native_decide.ax_1_7,
 Substitutions.S2b._native.native_decide.ax_1,
 Substitutions.S2b._native.native_decide.ax_2,
 Substitutions.S3c._native.native_decide.ax_1,
 Substitutions.S3c._native.native_decide.ax_2,
 TerminalCodes.K3a._native.native_decide.ax_1]
'ShannonBounds.C11AuxiliaryTrade.shannonCapacity_cycleGraph_11_ge_root' depends on axioms: [propext,
 Classical.choice.{u},
 Quot.sound.{u},
 BaseC11.IlenCheck._native.native_decide.ax_1_1,
 BaseC11.Iset._native.native_decide.ax_1,
 BaseC11.XcFalseLenCheck._native.native_decide.ax_1_1,
 BaseC11.XcTrueLenCheck._native.native_decide.ax_1_1,
 BaseC11.XlenCheck._native.native_decide.ax_1_1,
 BaseC11.Xset._native.native_decide.ax_1,
 BaseC11.altInjCheck._native.native_decide.ax_1_1,
 BaseC11.altNotCheck._native.native_decide.ax_1_1,
 BaseC11.epParentCheck._native.native_decide.ax_1_1,
 BaseC11.pFalseCheck._native.native_decide.ax_1_1,
 BaseC11.pTrueCheck._native.native_decide.ax_1_1,
 BaseC11.pairConflict._native.native_decide.ax_1_1,
 BaseC11.pairwiseOK_I._native.native_decide.ax_1_1,
 BaseC11.pairwiseOK_X._native.native_decide.ax_1_1,
 BaseC11.portsCheck._native.native_decide.ax_1_1,
 BaseC11.portsLenCheck._native.native_decide.ax_1_1,
 BaseC11.portsSet._native.native_decide.ax_1,
 BaseC11.privCheck._native.native_decide.ax_1_1,
 BaseC11.sconf_iff_conflict._native.native_decide.ax_1_1,
 BaseC11.sconf_refl._native.native_decide.ax_1_1,
 BaseC11.sconf_symm._native.native_decide.ax_1_1,
 BaseC11.sepCheck._native.native_decide.ax_1_1,
 C11AuxiliaryTrade.S3mix._native.native_decide.ax_1,
 C11AuxiliaryTrade.S3mix._native.native_decide.ax_2,
 C11AuxiliaryTrade.stepx27._native.native_decide.ax_1_1,
 C11AuxiliaryTrade.stepx27._native.native_decide.ax_1_2,
 C11AuxiliaryTrade.stepx27._native.native_decide.ax_1_3,
 C11AuxiliaryTrade.stepx27._native.native_decide.ax_1_4,
 C11AuxiliaryTrade.stepx27._native.native_decide.ax_1_5,
 C11AuxiliaryTrade.stepx27._native.native_decide.ax_1_6,
 C11AuxiliaryTrade.stepx27._native.native_decide.ax_1_7,
 C11AuxiliaryTrade.terminal_value._native.native_decide.ax_1_1,
 CertC11.stepb10._native.native_decide.ax_1_1,
 CertC11.stepb10._native.native_decide.ax_1_2,
 CertC11.stepb10._native.native_decide.ax_1_3,
 CertC11.stepb10._native.native_decide.ax_1_4,
 CertC11.stepb10._native.native_decide.ax_1_5,
 CertC11.stepb10._native.native_decide.ax_1_6,
 CertC11.stepb10._native.native_decide.ax_1_7,
 CertC11.stepb11._native.native_decide.ax_1_1,
 CertC11.stepb11._native.native_decide.ax_1_2,
 CertC11.stepb11._native.native_decide.ax_1_3,
 CertC11.stepb11._native.native_decide.ax_1_4,
 CertC11.stepb11._native.native_decide.ax_1_5,
 CertC11.stepb11._native.native_decide.ax_1_6,
 CertC11.stepb11._native.native_decide.ax_1_7,
 CertC11.stepb12._native.native_decide.ax_1_1,
 CertC11.stepb12._native.native_decide.ax_1_2,
 CertC11.stepb12._native.native_decide.ax_1_3,
 CertC11.stepb12._native.native_decide.ax_1_4,
 CertC11.stepb12._native.native_decide.ax_1_5,
 CertC11.stepb12._native.native_decide.ax_1_6,
 CertC11.stepb12._native.native_decide.ax_1_7,
 CertC11.stepb13._native.native_decide.ax_1_1,
 CertC11.stepb13._native.native_decide.ax_1_2,
 CertC11.stepb13._native.native_decide.ax_1_3,
 CertC11.stepb13._native.native_decide.ax_1_4,
 CertC11.stepb13._native.native_decide.ax_1_5,
 CertC11.stepb13._native.native_decide.ax_1_6,
 CertC11.stepb13._native.native_decide.ax_1_7,
 CertC11.stepb2._native.native_decide.ax_1_1,
 CertC11.stepb2._native.native_decide.ax_1_2,
 CertC11.stepb2._native.native_decide.ax_1_3,
 CertC11.stepb2._native.native_decide.ax_1_4,
 CertC11.stepb2._native.native_decide.ax_1_5,
 CertC11.stepb2._native.native_decide.ax_1_6,
 CertC11.stepb2._native.native_decide.ax_1_7,
 CertC11.stepb3._native.native_decide.ax_1_1,
 CertC11.stepb3._native.native_decide.ax_1_2,
 CertC11.stepb3._native.native_decide.ax_1_3,
 CertC11.stepb3._native.native_decide.ax_1_4,
 CertC11.stepb3._native.native_decide.ax_1_5,
 CertC11.stepb3._native.native_decide.ax_1_6,
 CertC11.stepb3._native.native_decide.ax_1_7,
 CertC11.stepb4._native.native_decide.ax_1_1,
 CertC11.stepb4._native.native_decide.ax_1_2,
 CertC11.stepb4._native.native_decide.ax_1_3,
 CertC11.stepb4._native.native_decide.ax_1_4,
 CertC11.stepb4._native.native_decide.ax_1_5,
 CertC11.stepb4._native.native_decide.ax_1_6,
 CertC11.stepb4._native.native_decide.ax_1_7,
 CertC11.stepb5._native.native_decide.ax_1_1,
 CertC11.stepb5._native.native_decide.ax_1_2,
 CertC11.stepb5._native.native_decide.ax_1_3,
 CertC11.stepb5._native.native_decide.ax_1_4,
 CertC11.stepb5._native.native_decide.ax_1_5,
 CertC11.stepb5._native.native_decide.ax_1_6,
 CertC11.stepb5._native.native_decide.ax_1_7,
 CertC11.stepb6._native.native_decide.ax_1_1,
 CertC11.stepb6._native.native_decide.ax_1_2,
 CertC11.stepb6._native.native_decide.ax_1_3,
 CertC11.stepb6._native.native_decide.ax_1_4,
 CertC11.stepb6._native.native_decide.ax_1_5,
 CertC11.stepb6._native.native_decide.ax_1_6,
 CertC11.stepb6._native.native_decide.ax_1_7,
 CertC11.stepb7._native.native_decide.ax_1_1,
 CertC11.stepb7._native.native_decide.ax_1_2,
 CertC11.stepb7._native.native_decide.ax_1_3,
 CertC11.stepb7._native.native_decide.ax_1_4,
 CertC11.stepb7._native.native_decide.ax_1_5,
 CertC11.stepb7._native.native_decide.ax_1_6,
 CertC11.stepb7._native.native_decide.ax_1_7,
 CertC11.stepb8._native.native_decide.ax_1_1,
 CertC11.stepb8._native.native_decide.ax_1_2,
 CertC11.stepb8._native.native_decide.ax_1_3,
 CertC11.stepb8._native.native_decide.ax_1_4,
 CertC11.stepb8._native.native_decide.ax_1_5,
 CertC11.stepb8._native.native_decide.ax_1_6,
 CertC11.stepb8._native.native_decide.ax_1_7,
 CertC11.stepb9._native.native_decide.ax_1_1,
 CertC11.stepb9._native.native_decide.ax_1_2,
 CertC11.stepb9._native.native_decide.ax_1_3,
 CertC11.stepb9._native.native_decide.ax_1_4,
 CertC11.stepb9._native.native_decide.ax_1_5,
 CertC11.stepb9._native.native_decide.ax_1_6,
 CertC11.stepb9._native.native_decide.ax_1_7,
 CertC11.stepg3._native.native_decide.ax_1_1,
 CertC11.stepg3._native.native_decide.ax_1_2,
 CertC11.stepg3._native.native_decide.ax_1_3,
 CertC11.stepg3._native.native_decide.ax_1_4,
 CertC11.stepg3._native.native_decide.ax_1_5,
 CertC11.stepg3._native.native_decide.ax_1_6,
 CertC11.stepg3._native.native_decide.ax_1_7,
 CertC11.steph4._native.native_decide.ax_1_1,
 CertC11.steph4._native.native_decide.ax_1_2,
 CertC11.steph4._native.native_decide.ax_1_3,
 CertC11.steph4._native.native_decide.ax_1_4,
 CertC11.steph4._native.native_decide.ax_1_5,
 CertC11.steph4._native.native_decide.ax_1_6,
 CertC11.steph4._native.native_decide.ax_1_7,
 CertC11.steph5._native.native_decide.ax_1_1,
 CertC11.steph5._native.native_decide.ax_1_2,
 CertC11.steph5._native.native_decide.ax_1_3,
 CertC11.steph5._native.native_decide.ax_1_4,
 CertC11.steph5._native.native_decide.ax_1_5,
 CertC11.steph5._native.native_decide.ax_1_6,
 CertC11.steph5._native.native_decide.ax_1_7,
 CertC11.steph6._native.native_decide.ax_1_1,
 CertC11.steph6._native.native_decide.ax_1_2,
 CertC11.steph6._native.native_decide.ax_1_3,
 CertC11.steph6._native.native_decide.ax_1_4,
 CertC11.steph6._native.native_decide.ax_1_5,
 CertC11.steph6._native.native_decide.ax_1_6,
 CertC11.steph6._native.native_decide.ax_1_7,
 CertC11.steph7._native.native_decide.ax_1_1,
 CertC11.steph7._native.native_decide.ax_1_2,
 CertC11.steph7._native.native_decide.ax_1_3,
 CertC11.steph7._native.native_decide.ax_1_4,
 CertC11.steph7._native.native_decide.ax_1_5,
 CertC11.steph7._native.native_decide.ax_1_6,
 CertC11.steph7._native.native_decide.ax_1_7,
 CertC11.steph8._native.native_decide.ax_1_1,
 CertC11.steph8._native.native_decide.ax_1_2,
 CertC11.steph8._native.native_decide.ax_1_3,
 CertC11.steph8._native.native_decide.ax_1_4,
 CertC11.steph8._native.native_decide.ax_1_5,
 CertC11.steph8._native.native_decide.ax_1_6,
 CertC11.steph8._native.native_decide.ax_1_7,
 CertC11.steph9._native.native_decide.ax_1_1,
 CertC11.steph9._native.native_decide.ax_1_2,
 CertC11.steph9._native.native_decide.ax_1_3,
 CertC11.steph9._native.native_decide.ax_1_4,
 CertC11.steph9._native.native_decide.ax_1_5,
 CertC11.steph9._native.native_decide.ax_1_6,
 CertC11.steph9._native.native_decide.ax_1_7,
 CertC11.stepp11._native.native_decide.ax_1_1,
 CertC11.stepp11._native.native_decide.ax_1_2,
 CertC11.stepp11._native.native_decide.ax_1_3,
 CertC11.stepp11._native.native_decide.ax_1_4,
 CertC11.stepp11._native.native_decide.ax_1_5,
 CertC11.stepp11._native.native_decide.ax_1_6,
 CertC11.stepp11._native.native_decide.ax_1_7,
 CertC11.stepx29._native.native_decide.ax_1_1,
 CertC11.stepx29._native.native_decide.ax_1_2,
 CertC11.stepx29._native.native_decide.ax_1_3,
 CertC11.stepx29._native.native_decide.ax_1_4,
 CertC11.stepx29._native.native_decide.ax_1_5,
 CertC11.stepx29._native.native_decide.ax_1_6,
 CertC11.stepx29._native.native_decide.ax_1_7,
 Substitutions.S2b._native.native_decide.ax_1,
 Substitutions.S2b._native.native_decide.ax_2,
 Substitutions.S3c._native.native_decide.ax_1,
 Substitutions.S3c._native.native_decide.ax_2,
 TerminalCodes.K3a._native.native_decide.ax_1]
'ShannonBounds.C11AuxiliaryTrade.shannonCapacity_cycleGraph_11_ge' depends on axioms: [propext,
 Classical.choice.{u},
 Quot.sound.{u},
 BaseC11.IlenCheck._native.native_decide.ax_1_1,
 BaseC11.Iset._native.native_decide.ax_1,
 BaseC11.XcFalseLenCheck._native.native_decide.ax_1_1,
 BaseC11.XcTrueLenCheck._native.native_decide.ax_1_1,
 BaseC11.XlenCheck._native.native_decide.ax_1_1,
 BaseC11.Xset._native.native_decide.ax_1,
 BaseC11.altInjCheck._native.native_decide.ax_1_1,
 BaseC11.altNotCheck._native.native_decide.ax_1_1,
 BaseC11.epParentCheck._native.native_decide.ax_1_1,
 BaseC11.pFalseCheck._native.native_decide.ax_1_1,
 BaseC11.pTrueCheck._native.native_decide.ax_1_1,
 BaseC11.pairConflict._native.native_decide.ax_1_1,
 BaseC11.pairwiseOK_I._native.native_decide.ax_1_1,
 BaseC11.pairwiseOK_X._native.native_decide.ax_1_1,
 BaseC11.portsCheck._native.native_decide.ax_1_1,
 BaseC11.portsLenCheck._native.native_decide.ax_1_1,
 BaseC11.portsSet._native.native_decide.ax_1,
 BaseC11.privCheck._native.native_decide.ax_1_1,
 BaseC11.sconf_iff_conflict._native.native_decide.ax_1_1,
 BaseC11.sconf_refl._native.native_decide.ax_1_1,
 BaseC11.sconf_symm._native.native_decide.ax_1_1,
 BaseC11.sepCheck._native.native_decide.ax_1_1,
 C11AuxiliaryTrade.S3mix._native.native_decide.ax_1,
 C11AuxiliaryTrade.S3mix._native.native_decide.ax_2,
 C11AuxiliaryTrade.decimal_lower_integer._native.native_decide.ax_1_1,
 C11AuxiliaryTrade.stepx27._native.native_decide.ax_1_1,
 C11AuxiliaryTrade.stepx27._native.native_decide.ax_1_2,
 C11AuxiliaryTrade.stepx27._native.native_decide.ax_1_3,
 C11AuxiliaryTrade.stepx27._native.native_decide.ax_1_4,
 C11AuxiliaryTrade.stepx27._native.native_decide.ax_1_5,
 C11AuxiliaryTrade.stepx27._native.native_decide.ax_1_6,
 C11AuxiliaryTrade.stepx27._native.native_decide.ax_1_7,
 C11AuxiliaryTrade.terminal_value._native.native_decide.ax_1_1,
 CertC11.stepb10._native.native_decide.ax_1_1,
 CertC11.stepb10._native.native_decide.ax_1_2,
 CertC11.stepb10._native.native_decide.ax_1_3,
 CertC11.stepb10._native.native_decide.ax_1_4,
 CertC11.stepb10._native.native_decide.ax_1_5,
 CertC11.stepb10._native.native_decide.ax_1_6,
 CertC11.stepb10._native.native_decide.ax_1_7,
 CertC11.stepb11._native.native_decide.ax_1_1,
 CertC11.stepb11._native.native_decide.ax_1_2,
 CertC11.stepb11._native.native_decide.ax_1_3,
 CertC11.stepb11._native.native_decide.ax_1_4,
 CertC11.stepb11._native.native_decide.ax_1_5,
 CertC11.stepb11._native.native_decide.ax_1_6,
 CertC11.stepb11._native.native_decide.ax_1_7,
 CertC11.stepb12._native.native_decide.ax_1_1,
 CertC11.stepb12._native.native_decide.ax_1_2,
 CertC11.stepb12._native.native_decide.ax_1_3,
 CertC11.stepb12._native.native_decide.ax_1_4,
 CertC11.stepb12._native.native_decide.ax_1_5,
 CertC11.stepb12._native.native_decide.ax_1_6,
 CertC11.stepb12._native.native_decide.ax_1_7,
 CertC11.stepb13._native.native_decide.ax_1_1,
 CertC11.stepb13._native.native_decide.ax_1_2,
 CertC11.stepb13._native.native_decide.ax_1_3,
 CertC11.stepb13._native.native_decide.ax_1_4,
 CertC11.stepb13._native.native_decide.ax_1_5,
 CertC11.stepb13._native.native_decide.ax_1_6,
 CertC11.stepb13._native.native_decide.ax_1_7,
 CertC11.stepb2._native.native_decide.ax_1_1,
 CertC11.stepb2._native.native_decide.ax_1_2,
 CertC11.stepb2._native.native_decide.ax_1_3,
 CertC11.stepb2._native.native_decide.ax_1_4,
 CertC11.stepb2._native.native_decide.ax_1_5,
 CertC11.stepb2._native.native_decide.ax_1_6,
 CertC11.stepb2._native.native_decide.ax_1_7,
 CertC11.stepb3._native.native_decide.ax_1_1,
 CertC11.stepb3._native.native_decide.ax_1_2,
 CertC11.stepb3._native.native_decide.ax_1_3,
 CertC11.stepb3._native.native_decide.ax_1_4,
 CertC11.stepb3._native.native_decide.ax_1_5,
 CertC11.stepb3._native.native_decide.ax_1_6,
 CertC11.stepb3._native.native_decide.ax_1_7,
 CertC11.stepb4._native.native_decide.ax_1_1,
 CertC11.stepb4._native.native_decide.ax_1_2,
 CertC11.stepb4._native.native_decide.ax_1_3,
 CertC11.stepb4._native.native_decide.ax_1_4,
 CertC11.stepb4._native.native_decide.ax_1_5,
 CertC11.stepb4._native.native_decide.ax_1_6,
 CertC11.stepb4._native.native_decide.ax_1_7,
 CertC11.stepb5._native.native_decide.ax_1_1,
 CertC11.stepb5._native.native_decide.ax_1_2,
 CertC11.stepb5._native.native_decide.ax_1_3,
 CertC11.stepb5._native.native_decide.ax_1_4,
 CertC11.stepb5._native.native_decide.ax_1_5,
 CertC11.stepb5._native.native_decide.ax_1_6,
 CertC11.stepb5._native.native_decide.ax_1_7,
 CertC11.stepb6._native.native_decide.ax_1_1,
 CertC11.stepb6._native.native_decide.ax_1_2,
 CertC11.stepb6._native.native_decide.ax_1_3,
 CertC11.stepb6._native.native_decide.ax_1_4,
 CertC11.stepb6._native.native_decide.ax_1_5,
 CertC11.stepb6._native.native_decide.ax_1_6,
 CertC11.stepb6._native.native_decide.ax_1_7,
 CertC11.stepb7._native.native_decide.ax_1_1,
 CertC11.stepb7._native.native_decide.ax_1_2,
 CertC11.stepb7._native.native_decide.ax_1_3,
 CertC11.stepb7._native.native_decide.ax_1_4,
 CertC11.stepb7._native.native_decide.ax_1_5,
 CertC11.stepb7._native.native_decide.ax_1_6,
 CertC11.stepb7._native.native_decide.ax_1_7,
 CertC11.stepb8._native.native_decide.ax_1_1,
 CertC11.stepb8._native.native_decide.ax_1_2,
 CertC11.stepb8._native.native_decide.ax_1_3,
 CertC11.stepb8._native.native_decide.ax_1_4,
 CertC11.stepb8._native.native_decide.ax_1_5,
 CertC11.stepb8._native.native_decide.ax_1_6,
 CertC11.stepb8._native.native_decide.ax_1_7,
 CertC11.stepb9._native.native_decide.ax_1_1,
 CertC11.stepb9._native.native_decide.ax_1_2,
 CertC11.stepb9._native.native_decide.ax_1_3,
 CertC11.stepb9._native.native_decide.ax_1_4,
 CertC11.stepb9._native.native_decide.ax_1_5,
 CertC11.stepb9._native.native_decide.ax_1_6,
 CertC11.stepb9._native.native_decide.ax_1_7,
 CertC11.stepg3._native.native_decide.ax_1_1,
 CertC11.stepg3._native.native_decide.ax_1_2,
 CertC11.stepg3._native.native_decide.ax_1_3,
 CertC11.stepg3._native.native_decide.ax_1_4,
 CertC11.stepg3._native.native_decide.ax_1_5,
 CertC11.stepg3._native.native_decide.ax_1_6,
 CertC11.stepg3._native.native_decide.ax_1_7,
 CertC11.steph4._native.native_decide.ax_1_1,
 CertC11.steph4._native.native_decide.ax_1_2,
 CertC11.steph4._native.native_decide.ax_1_3,
 CertC11.steph4._native.native_decide.ax_1_4,
 CertC11.steph4._native.native_decide.ax_1_5,
 CertC11.steph4._native.native_decide.ax_1_6,
 CertC11.steph4._native.native_decide.ax_1_7,
 CertC11.steph5._native.native_decide.ax_1_1,
 CertC11.steph5._native.native_decide.ax_1_2,
 CertC11.steph5._native.native_decide.ax_1_3,
 CertC11.steph5._native.native_decide.ax_1_4,
 CertC11.steph5._native.native_decide.ax_1_5,
 CertC11.steph5._native.native_decide.ax_1_6,
 CertC11.steph5._native.native_decide.ax_1_7,
 CertC11.steph6._native.native_decide.ax_1_1,
 CertC11.steph6._native.native_decide.ax_1_2,
 CertC11.steph6._native.native_decide.ax_1_3,
 CertC11.steph6._native.native_decide.ax_1_4,
 CertC11.steph6._native.native_decide.ax_1_5,
 CertC11.steph6._native.native_decide.ax_1_6,
 CertC11.steph6._native.native_decide.ax_1_7,
 CertC11.steph7._native.native_decide.ax_1_1,
 CertC11.steph7._native.native_decide.ax_1_2,
 CertC11.steph7._native.native_decide.ax_1_3,
 CertC11.steph7._native.native_decide.ax_1_4,
 CertC11.steph7._native.native_decide.ax_1_5,
 CertC11.steph7._native.native_decide.ax_1_6,
 CertC11.steph7._native.native_decide.ax_1_7,
 CertC11.steph8._native.native_decide.ax_1_1,
 CertC11.steph8._native.native_decide.ax_1_2,
 CertC11.steph8._native.native_decide.ax_1_3,
 CertC11.steph8._native.native_decide.ax_1_4,
 CertC11.steph8._native.native_decide.ax_1_5,
 CertC11.steph8._native.native_decide.ax_1_6,
 CertC11.steph8._native.native_decide.ax_1_7,
 CertC11.steph9._native.native_decide.ax_1_1,
 CertC11.steph9._native.native_decide.ax_1_2,
 CertC11.steph9._native.native_decide.ax_1_3,
 CertC11.steph9._native.native_decide.ax_1_4,
 CertC11.steph9._native.native_decide.ax_1_5,
 CertC11.steph9._native.native_decide.ax_1_6,
 CertC11.steph9._native.native_decide.ax_1_7,
 CertC11.stepp11._native.native_decide.ax_1_1,
 CertC11.stepp11._native.native_decide.ax_1_2,
 CertC11.stepp11._native.native_decide.ax_1_3,
 CertC11.stepp11._native.native_decide.ax_1_4,
 CertC11.stepp11._native.native_decide.ax_1_5,
 CertC11.stepp11._native.native_decide.ax_1_6,
 CertC11.stepp11._native.native_decide.ax_1_7,
 CertC11.stepx29._native.native_decide.ax_1_1,
 CertC11.stepx29._native.native_decide.ax_1_2,
 CertC11.stepx29._native.native_decide.ax_1_3,
 CertC11.stepx29._native.native_decide.ax_1_4,
 CertC11.stepx29._native.native_decide.ax_1_5,
 CertC11.stepx29._native.native_decide.ax_1_6,
 CertC11.stepx29._native.native_decide.ax_1_7,
 Substitutions.S2b._native.native_decide.ax_1,
 Substitutions.S2b._native.native_decide.ax_2,
 Substitutions.S3c._native.native_decide.ax_1,
 Substitutions.S3c._native.native_decide.ax_2,
 TerminalCodes.K3a._native.native_decide.ax_1]
'ShannonBounds.C11AuxiliaryTrade.candidate_root_strictly_improves' depends on axioms: [propext,
 Classical.choice.{u},
 Quot.sound.{u},
 C11AuxiliaryTrade.strictly_larger._native.native_decide.ax_1_1]
'C11_scope_exact_set' depends on axioms: [propext,
 Classical.choice.{u},
 Quot.sound.{u},
 BaseC11.IlenCheck._native.native_decide.ax_1_1,
 BaseC11.Iset._native.native_decide.ax_1,
 BaseC11.XcFalseLenCheck._native.native_decide.ax_1_1,
 BaseC11.XcTrueLenCheck._native.native_decide.ax_1_1,
 BaseC11.XlenCheck._native.native_decide.ax_1_1,
 BaseC11.Xset._native.native_decide.ax_1,
 BaseC11.altInjCheck._native.native_decide.ax_1_1,
 BaseC11.altNotCheck._native.native_decide.ax_1_1,
 BaseC11.epParentCheck._native.native_decide.ax_1_1,
 BaseC11.pFalseCheck._native.native_decide.ax_1_1,
 BaseC11.pTrueCheck._native.native_decide.ax_1_1,
 BaseC11.pairConflict._native.native_decide.ax_1_1,
 BaseC11.pairwiseOK_I._native.native_decide.ax_1_1,
 BaseC11.pairwiseOK_X._native.native_decide.ax_1_1,
 BaseC11.portsCheck._native.native_decide.ax_1_1,
 BaseC11.portsLenCheck._native.native_decide.ax_1_1,
 BaseC11.portsSet._native.native_decide.ax_1,
 BaseC11.privCheck._native.native_decide.ax_1_1,
 BaseC11.sconf_iff_conflict._native.native_decide.ax_1_1,
 BaseC11.sconf_refl._native.native_decide.ax_1_1,
 BaseC11.sconf_symm._native.native_decide.ax_1_1,
 BaseC11.sepCheck._native.native_decide.ax_1_1,
 C11AuxiliaryTrade.S3mix._native.native_decide.ax_1,
 C11AuxiliaryTrade.S3mix._native.native_decide.ax_2,
 C11AuxiliaryTrade.stepx27._native.native_decide.ax_1_1,
 C11AuxiliaryTrade.stepx27._native.native_decide.ax_1_2,
 C11AuxiliaryTrade.stepx27._native.native_decide.ax_1_3,
 C11AuxiliaryTrade.stepx27._native.native_decide.ax_1_4,
 C11AuxiliaryTrade.stepx27._native.native_decide.ax_1_5,
 C11AuxiliaryTrade.stepx27._native.native_decide.ax_1_6,
 C11AuxiliaryTrade.stepx27._native.native_decide.ax_1_7,
 C11AuxiliaryTrade.terminal_value._native.native_decide.ax_1_1,
 CertC11.stepb10._native.native_decide.ax_1_1,
 CertC11.stepb10._native.native_decide.ax_1_2,
 CertC11.stepb10._native.native_decide.ax_1_3,
 CertC11.stepb10._native.native_decide.ax_1_4,
 CertC11.stepb10._native.native_decide.ax_1_5,
 CertC11.stepb10._native.native_decide.ax_1_6,
 CertC11.stepb10._native.native_decide.ax_1_7,
 CertC11.stepb11._native.native_decide.ax_1_1,
 CertC11.stepb11._native.native_decide.ax_1_2,
 CertC11.stepb11._native.native_decide.ax_1_3,
 CertC11.stepb11._native.native_decide.ax_1_4,
 CertC11.stepb11._native.native_decide.ax_1_5,
 CertC11.stepb11._native.native_decide.ax_1_6,
 CertC11.stepb11._native.native_decide.ax_1_7,
 CertC11.stepb12._native.native_decide.ax_1_1,
 CertC11.stepb12._native.native_decide.ax_1_2,
 CertC11.stepb12._native.native_decide.ax_1_3,
 CertC11.stepb12._native.native_decide.ax_1_4,
 CertC11.stepb12._native.native_decide.ax_1_5,
 CertC11.stepb12._native.native_decide.ax_1_6,
 CertC11.stepb12._native.native_decide.ax_1_7,
 CertC11.stepb13._native.native_decide.ax_1_1,
 CertC11.stepb13._native.native_decide.ax_1_2,
 CertC11.stepb13._native.native_decide.ax_1_3,
 CertC11.stepb13._native.native_decide.ax_1_4,
 CertC11.stepb13._native.native_decide.ax_1_5,
 CertC11.stepb13._native.native_decide.ax_1_6,
 CertC11.stepb13._native.native_decide.ax_1_7,
 CertC11.stepb2._native.native_decide.ax_1_1,
 CertC11.stepb2._native.native_decide.ax_1_2,
 CertC11.stepb2._native.native_decide.ax_1_3,
 CertC11.stepb2._native.native_decide.ax_1_4,
 CertC11.stepb2._native.native_decide.ax_1_5,
 CertC11.stepb2._native.native_decide.ax_1_6,
 CertC11.stepb2._native.native_decide.ax_1_7,
 CertC11.stepb3._native.native_decide.ax_1_1,
 CertC11.stepb3._native.native_decide.ax_1_2,
 CertC11.stepb3._native.native_decide.ax_1_3,
 CertC11.stepb3._native.native_decide.ax_1_4,
 CertC11.stepb3._native.native_decide.ax_1_5,
 CertC11.stepb3._native.native_decide.ax_1_6,
 CertC11.stepb3._native.native_decide.ax_1_7,
 CertC11.stepb4._native.native_decide.ax_1_1,
 CertC11.stepb4._native.native_decide.ax_1_2,
 CertC11.stepb4._native.native_decide.ax_1_3,
 CertC11.stepb4._native.native_decide.ax_1_4,
 CertC11.stepb4._native.native_decide.ax_1_5,
 CertC11.stepb4._native.native_decide.ax_1_6,
 CertC11.stepb4._native.native_decide.ax_1_7,
 CertC11.stepb5._native.native_decide.ax_1_1,
 CertC11.stepb5._native.native_decide.ax_1_2,
 CertC11.stepb5._native.native_decide.ax_1_3,
 CertC11.stepb5._native.native_decide.ax_1_4,
 CertC11.stepb5._native.native_decide.ax_1_5,
 CertC11.stepb5._native.native_decide.ax_1_6,
 CertC11.stepb5._native.native_decide.ax_1_7,
 CertC11.stepb6._native.native_decide.ax_1_1,
 CertC11.stepb6._native.native_decide.ax_1_2,
 CertC11.stepb6._native.native_decide.ax_1_3,
 CertC11.stepb6._native.native_decide.ax_1_4,
 CertC11.stepb6._native.native_decide.ax_1_5,
 CertC11.stepb6._native.native_decide.ax_1_6,
 CertC11.stepb6._native.native_decide.ax_1_7,
 CertC11.stepb7._native.native_decide.ax_1_1,
 CertC11.stepb7._native.native_decide.ax_1_2,
 CertC11.stepb7._native.native_decide.ax_1_3,
 CertC11.stepb7._native.native_decide.ax_1_4,
 CertC11.stepb7._native.native_decide.ax_1_5,
 CertC11.stepb7._native.native_decide.ax_1_6,
 CertC11.stepb7._native.native_decide.ax_1_7,
 CertC11.stepb8._native.native_decide.ax_1_1,
 CertC11.stepb8._native.native_decide.ax_1_2,
 CertC11.stepb8._native.native_decide.ax_1_3,
 CertC11.stepb8._native.native_decide.ax_1_4,
 CertC11.stepb8._native.native_decide.ax_1_5,
 CertC11.stepb8._native.native_decide.ax_1_6,
 CertC11.stepb8._native.native_decide.ax_1_7,
 CertC11.stepb9._native.native_decide.ax_1_1,
 CertC11.stepb9._native.native_decide.ax_1_2,
 CertC11.stepb9._native.native_decide.ax_1_3,
 CertC11.stepb9._native.native_decide.ax_1_4,
 CertC11.stepb9._native.native_decide.ax_1_5,
 CertC11.stepb9._native.native_decide.ax_1_6,
 CertC11.stepb9._native.native_decide.ax_1_7,
 CertC11.stepg3._native.native_decide.ax_1_1,
 CertC11.stepg3._native.native_decide.ax_1_2,
 CertC11.stepg3._native.native_decide.ax_1_3,
 CertC11.stepg3._native.native_decide.ax_1_4,
 CertC11.stepg3._native.native_decide.ax_1_5,
 CertC11.stepg3._native.native_decide.ax_1_6,
 CertC11.stepg3._native.native_decide.ax_1_7,
 CertC11.steph4._native.native_decide.ax_1_1,
 CertC11.steph4._native.native_decide.ax_1_2,
 CertC11.steph4._native.native_decide.ax_1_3,
 CertC11.steph4._native.native_decide.ax_1_4,
 CertC11.steph4._native.native_decide.ax_1_5,
 CertC11.steph4._native.native_decide.ax_1_6,
 CertC11.steph4._native.native_decide.ax_1_7,
 CertC11.steph5._native.native_decide.ax_1_1,
 CertC11.steph5._native.native_decide.ax_1_2,
 CertC11.steph5._native.native_decide.ax_1_3,
 CertC11.steph5._native.native_decide.ax_1_4,
 CertC11.steph5._native.native_decide.ax_1_5,
 CertC11.steph5._native.native_decide.ax_1_6,
 CertC11.steph5._native.native_decide.ax_1_7,
 CertC11.steph6._native.native_decide.ax_1_1,
 CertC11.steph6._native.native_decide.ax_1_2,
 CertC11.steph6._native.native_decide.ax_1_3,
 CertC11.steph6._native.native_decide.ax_1_4,
 CertC11.steph6._native.native_decide.ax_1_5,
 CertC11.steph6._native.native_decide.ax_1_6,
 CertC11.steph6._native.native_decide.ax_1_7,
 CertC11.steph7._native.native_decide.ax_1_1,
 CertC11.steph7._native.native_decide.ax_1_2,
 CertC11.steph7._native.native_decide.ax_1_3,
 CertC11.steph7._native.native_decide.ax_1_4,
 CertC11.steph7._native.native_decide.ax_1_5,
 CertC11.steph7._native.native_decide.ax_1_6,
 CertC11.steph7._native.native_decide.ax_1_7,
 CertC11.steph8._native.native_decide.ax_1_1,
 CertC11.steph8._native.native_decide.ax_1_2,
 CertC11.steph8._native.native_decide.ax_1_3,
 CertC11.steph8._native.native_decide.ax_1_4,
 CertC11.steph8._native.native_decide.ax_1_5,
 CertC11.steph8._native.native_decide.ax_1_6,
 CertC11.steph8._native.native_decide.ax_1_7,
 CertC11.steph9._native.native_decide.ax_1_1,
 CertC11.steph9._native.native_decide.ax_1_2,
 CertC11.steph9._native.native_decide.ax_1_3,
 CertC11.steph9._native.native_decide.ax_1_4,
 CertC11.steph9._native.native_decide.ax_1_5,
 CertC11.steph9._native.native_decide.ax_1_6,
 CertC11.steph9._native.native_decide.ax_1_7,
 CertC11.stepp11._native.native_decide.ax_1_1,
 CertC11.stepp11._native.native_decide.ax_1_2,
 CertC11.stepp11._native.native_decide.ax_1_3,
 CertC11.stepp11._native.native_decide.ax_1_4,
 CertC11.stepp11._native.native_decide.ax_1_5,
 CertC11.stepp11._native.native_decide.ax_1_6,
 CertC11.stepp11._native.native_decide.ax_1_7,
 CertC11.stepx29._native.native_decide.ax_1_1,
 CertC11.stepx29._native.native_decide.ax_1_2,
 CertC11.stepx29._native.native_decide.ax_1_3,
 CertC11.stepx29._native.native_decide.ax_1_4,
 CertC11.stepx29._native.native_decide.ax_1_5,
 CertC11.stepx29._native.native_decide.ax_1_6,
 CertC11.stepx29._native.native_decide.ax_1_7,
 Substitutions.S2b._native.native_decide.ax_1,
 Substitutions.S2b._native.native_decide.ax_2,
 Substitutions.S3c._native.native_decide.ax_1,
 Substitutions.S3c._native.native_decide.ax_2,
 TerminalCodes.K3a._native.native_decide.ax_1]
'C11_scope_capacity' depends on axioms: [propext,
 Classical.choice.{u},
 Quot.sound.{u},
 BaseC11.IlenCheck._native.native_decide.ax_1_1,
 BaseC11.Iset._native.native_decide.ax_1,
 BaseC11.XcFalseLenCheck._native.native_decide.ax_1_1,
 BaseC11.XcTrueLenCheck._native.native_decide.ax_1_1,
 BaseC11.XlenCheck._native.native_decide.ax_1_1,
 BaseC11.Xset._native.native_decide.ax_1,
 BaseC11.altInjCheck._native.native_decide.ax_1_1,
 BaseC11.altNotCheck._native.native_decide.ax_1_1,
 BaseC11.epParentCheck._native.native_decide.ax_1_1,
 BaseC11.pFalseCheck._native.native_decide.ax_1_1,
 BaseC11.pTrueCheck._native.native_decide.ax_1_1,
 BaseC11.pairConflict._native.native_decide.ax_1_1,
 BaseC11.pairwiseOK_I._native.native_decide.ax_1_1,
 BaseC11.pairwiseOK_X._native.native_decide.ax_1_1,
 BaseC11.portsCheck._native.native_decide.ax_1_1,
 BaseC11.portsLenCheck._native.native_decide.ax_1_1,
 BaseC11.portsSet._native.native_decide.ax_1,
 BaseC11.privCheck._native.native_decide.ax_1_1,
 BaseC11.sconf_iff_conflict._native.native_decide.ax_1_1,
 BaseC11.sconf_refl._native.native_decide.ax_1_1,
 BaseC11.sconf_symm._native.native_decide.ax_1_1,
 BaseC11.sepCheck._native.native_decide.ax_1_1,
 C11AuxiliaryTrade.S3mix._native.native_decide.ax_1,
 C11AuxiliaryTrade.S3mix._native.native_decide.ax_2,
 C11AuxiliaryTrade.decimal_lower_integer._native.native_decide.ax_1_1,
 C11AuxiliaryTrade.stepx27._native.native_decide.ax_1_1,
 C11AuxiliaryTrade.stepx27._native.native_decide.ax_1_2,
 C11AuxiliaryTrade.stepx27._native.native_decide.ax_1_3,
 C11AuxiliaryTrade.stepx27._native.native_decide.ax_1_4,
 C11AuxiliaryTrade.stepx27._native.native_decide.ax_1_5,
 C11AuxiliaryTrade.stepx27._native.native_decide.ax_1_6,
 C11AuxiliaryTrade.stepx27._native.native_decide.ax_1_7,
 C11AuxiliaryTrade.terminal_value._native.native_decide.ax_1_1,
 CertC11.stepb10._native.native_decide.ax_1_1,
 CertC11.stepb10._native.native_decide.ax_1_2,
 CertC11.stepb10._native.native_decide.ax_1_3,
 CertC11.stepb10._native.native_decide.ax_1_4,
 CertC11.stepb10._native.native_decide.ax_1_5,
 CertC11.stepb10._native.native_decide.ax_1_6,
 CertC11.stepb10._native.native_decide.ax_1_7,
 CertC11.stepb11._native.native_decide.ax_1_1,
 CertC11.stepb11._native.native_decide.ax_1_2,
 CertC11.stepb11._native.native_decide.ax_1_3,
 CertC11.stepb11._native.native_decide.ax_1_4,
 CertC11.stepb11._native.native_decide.ax_1_5,
 CertC11.stepb11._native.native_decide.ax_1_6,
 CertC11.stepb11._native.native_decide.ax_1_7,
 CertC11.stepb12._native.native_decide.ax_1_1,
 CertC11.stepb12._native.native_decide.ax_1_2,
 CertC11.stepb12._native.native_decide.ax_1_3,
 CertC11.stepb12._native.native_decide.ax_1_4,
 CertC11.stepb12._native.native_decide.ax_1_5,
 CertC11.stepb12._native.native_decide.ax_1_6,
 CertC11.stepb12._native.native_decide.ax_1_7,
 CertC11.stepb13._native.native_decide.ax_1_1,
 CertC11.stepb13._native.native_decide.ax_1_2,
 CertC11.stepb13._native.native_decide.ax_1_3,
 CertC11.stepb13._native.native_decide.ax_1_4,
 CertC11.stepb13._native.native_decide.ax_1_5,
 CertC11.stepb13._native.native_decide.ax_1_6,
 CertC11.stepb13._native.native_decide.ax_1_7,
 CertC11.stepb2._native.native_decide.ax_1_1,
 CertC11.stepb2._native.native_decide.ax_1_2,
 CertC11.stepb2._native.native_decide.ax_1_3,
 CertC11.stepb2._native.native_decide.ax_1_4,
 CertC11.stepb2._native.native_decide.ax_1_5,
 CertC11.stepb2._native.native_decide.ax_1_6,
 CertC11.stepb2._native.native_decide.ax_1_7,
 CertC11.stepb3._native.native_decide.ax_1_1,
 CertC11.stepb3._native.native_decide.ax_1_2,
 CertC11.stepb3._native.native_decide.ax_1_3,
 CertC11.stepb3._native.native_decide.ax_1_4,
 CertC11.stepb3._native.native_decide.ax_1_5,
 CertC11.stepb3._native.native_decide.ax_1_6,
 CertC11.stepb3._native.native_decide.ax_1_7,
 CertC11.stepb4._native.native_decide.ax_1_1,
 CertC11.stepb4._native.native_decide.ax_1_2,
 CertC11.stepb4._native.native_decide.ax_1_3,
 CertC11.stepb4._native.native_decide.ax_1_4,
 CertC11.stepb4._native.native_decide.ax_1_5,
 CertC11.stepb4._native.native_decide.ax_1_6,
 CertC11.stepb4._native.native_decide.ax_1_7,
 CertC11.stepb5._native.native_decide.ax_1_1,
 CertC11.stepb5._native.native_decide.ax_1_2,
 CertC11.stepb5._native.native_decide.ax_1_3,
 CertC11.stepb5._native.native_decide.ax_1_4,
 CertC11.stepb5._native.native_decide.ax_1_5,
 CertC11.stepb5._native.native_decide.ax_1_6,
 CertC11.stepb5._native.native_decide.ax_1_7,
 CertC11.stepb6._native.native_decide.ax_1_1,
 CertC11.stepb6._native.native_decide.ax_1_2,
 CertC11.stepb6._native.native_decide.ax_1_3,
 CertC11.stepb6._native.native_decide.ax_1_4,
 CertC11.stepb6._native.native_decide.ax_1_5,
 CertC11.stepb6._native.native_decide.ax_1_6,
 CertC11.stepb6._native.native_decide.ax_1_7,
 CertC11.stepb7._native.native_decide.ax_1_1,
 CertC11.stepb7._native.native_decide.ax_1_2,
 CertC11.stepb7._native.native_decide.ax_1_3,
 CertC11.stepb7._native.native_decide.ax_1_4,
 CertC11.stepb7._native.native_decide.ax_1_5,
 CertC11.stepb7._native.native_decide.ax_1_6,
 CertC11.stepb7._native.native_decide.ax_1_7,
 CertC11.stepb8._native.native_decide.ax_1_1,
 CertC11.stepb8._native.native_decide.ax_1_2,
 CertC11.stepb8._native.native_decide.ax_1_3,
 CertC11.stepb8._native.native_decide.ax_1_4,
 CertC11.stepb8._native.native_decide.ax_1_5,
 CertC11.stepb8._native.native_decide.ax_1_6,
 CertC11.stepb8._native.native_decide.ax_1_7,
 CertC11.stepb9._native.native_decide.ax_1_1,
 CertC11.stepb9._native.native_decide.ax_1_2,
 CertC11.stepb9._native.native_decide.ax_1_3,
 CertC11.stepb9._native.native_decide.ax_1_4,
 CertC11.stepb9._native.native_decide.ax_1_5,
 CertC11.stepb9._native.native_decide.ax_1_6,
 CertC11.stepb9._native.native_decide.ax_1_7,
 CertC11.stepg3._native.native_decide.ax_1_1,
 CertC11.stepg3._native.native_decide.ax_1_2,
 CertC11.stepg3._native.native_decide.ax_1_3,
 CertC11.stepg3._native.native_decide.ax_1_4,
 CertC11.stepg3._native.native_decide.ax_1_5,
 CertC11.stepg3._native.native_decide.ax_1_6,
 CertC11.stepg3._native.native_decide.ax_1_7,
 CertC11.steph4._native.native_decide.ax_1_1,
 CertC11.steph4._native.native_decide.ax_1_2,
 CertC11.steph4._native.native_decide.ax_1_3,
 CertC11.steph4._native.native_decide.ax_1_4,
 CertC11.steph4._native.native_decide.ax_1_5,
 CertC11.steph4._native.native_decide.ax_1_6,
 CertC11.steph4._native.native_decide.ax_1_7,
 CertC11.steph5._native.native_decide.ax_1_1,
 CertC11.steph5._native.native_decide.ax_1_2,
 CertC11.steph5._native.native_decide.ax_1_3,
 CertC11.steph5._native.native_decide.ax_1_4,
 CertC11.steph5._native.native_decide.ax_1_5,
 CertC11.steph5._native.native_decide.ax_1_6,
 CertC11.steph5._native.native_decide.ax_1_7,
 CertC11.steph6._native.native_decide.ax_1_1,
 CertC11.steph6._native.native_decide.ax_1_2,
 CertC11.steph6._native.native_decide.ax_1_3,
 CertC11.steph6._native.native_decide.ax_1_4,
 CertC11.steph6._native.native_decide.ax_1_5,
 CertC11.steph6._native.native_decide.ax_1_6,
 CertC11.steph6._native.native_decide.ax_1_7,
 CertC11.steph7._native.native_decide.ax_1_1,
 CertC11.steph7._native.native_decide.ax_1_2,
 CertC11.steph7._native.native_decide.ax_1_3,
 CertC11.steph7._native.native_decide.ax_1_4,
 CertC11.steph7._native.native_decide.ax_1_5,
 CertC11.steph7._native.native_decide.ax_1_6,
 CertC11.steph7._native.native_decide.ax_1_7,
 CertC11.steph8._native.native_decide.ax_1_1,
 CertC11.steph8._native.native_decide.ax_1_2,
 CertC11.steph8._native.native_decide.ax_1_3,
 CertC11.steph8._native.native_decide.ax_1_4,
 CertC11.steph8._native.native_decide.ax_1_5,
 CertC11.steph8._native.native_decide.ax_1_6,
 CertC11.steph8._native.native_decide.ax_1_7,
 CertC11.steph9._native.native_decide.ax_1_1,
 CertC11.steph9._native.native_decide.ax_1_2,
 CertC11.steph9._native.native_decide.ax_1_3,
 CertC11.steph9._native.native_decide.ax_1_4,
 CertC11.steph9._native.native_decide.ax_1_5,
 CertC11.steph9._native.native_decide.ax_1_6,
 CertC11.steph9._native.native_decide.ax_1_7,
 CertC11.stepp11._native.native_decide.ax_1_1,
 CertC11.stepp11._native.native_decide.ax_1_2,
 CertC11.stepp11._native.native_decide.ax_1_3,
 CertC11.stepp11._native.native_decide.ax_1_4,
 CertC11.stepp11._native.native_decide.ax_1_5,
 CertC11.stepp11._native.native_decide.ax_1_6,
 CertC11.stepp11._native.native_decide.ax_1_7,
 CertC11.stepx29._native.native_decide.ax_1_1,
 CertC11.stepx29._native.native_decide.ax_1_2,
 CertC11.stepx29._native.native_decide.ax_1_3,
 CertC11.stepx29._native.native_decide.ax_1_4,
 CertC11.stepx29._native.native_decide.ax_1_5,
 CertC11.stepx29._native.native_decide.ax_1_6,
 CertC11.stepx29._native.native_decide.ax_1_7,
 Substitutions.S2b._native.native_decide.ax_1,
 Substitutions.S2b._native.native_decide.ax_2,
 Substitutions.S3c._native.native_decide.ax_1,
 Substitutions.S3c._native.native_decide.ax_2,
 TerminalCodes.K3a._native.native_decide.ax_1]
'C11_scope_strict_root' depends on axioms: [propext,
 Classical.choice.{u},
 Quot.sound.{u},
 C11AuxiliaryTrade.strictly_larger._native.native_decide.ax_1_1]
