BLOCK 0 7418 511 False 5.2955258908109135 15.257230520248413
BLOCK 1 8490 959 False 5.2955258908109135 5.439808130264282
BLOCK 2 3903 326 True 5.295525916187672 15.016494274139404
BLOCK 3 3809 447 True 5.295525934503177 15.012086153030396
BLOCK 4 2879 293 False 5.295525934503177 0.14196491241455078
BLOCK 5 6094 571 True 5.295525939815703 9.84932804107666
BLOCK 6 1906 192 False 5.295525939815703 0.07152032852172852
BLOCK 7 6273 827 True 5.295525943678354 1.1949458122253418
BLOCK 8 7976 871 False 5.295525943678354 1.396475076675415
BLOCK 9 7882 625 False 5.295525943678354 15.04458236694336
BLOCK 10 5602 400 False 5.295525943678354 15.84416675567627
BLOCK 11 5763 444 True 5.295525943898725 15.017327785491943
BLOCK 12 4189 512 False 5.295525943898725 0.23802947998046875
BLOCK 13 6571 443 True 5.295526011187638 15.057267189025879
BLOCK 14 4511 554 True 5.295526012408252 4.733601093292236
BLOCK 15 5644 514 False 5.295526012408252 0.8406093120574951
BLOCK 16 7331 776 True 5.295526012688855 1.571420669555664
BLOCK 17 6688 454 True 5.295526013632343 12.543763637542725
BLOCK 18 3948 501 False 5.295526013632343 3.310737133026123
BLOCK 19 4516 291 False 5.295526013632343 1.3351829051971436
FINAL 5.295526013632343 gain ratio 7.499927771250568e-05 cpu 206.47702977100002
