FACTOR n10
mu 1.0 t 11.543646474963012 min 8.624532001595794
mu 0.3 t 4.1783639149881955 min 1.597108970770455
mu 0.1 t 2.625789420672136 min 0.3069039846173136
mu 0.03 t 2.3114179570383877 min 0.07066167221249772
mu 0.01 t 2.2427990775366378 min 0.021797704906149996
mu 0.003 t 2.220219304181455 min 0.006361494281101074
mu 0.001 t 2.213937455005687 min 0.002103805787362668
mu 0.0003 t 2.2117901544921863 min 0.0006294159875469625
mu 0.0001 t 2.2111844424528497 min 0.00020964242144407878
mu 3e-05 t 2.2109736091474756 min 6.287563654028206e-05
mu 1e-05 t 2.2109135253031185 min 2.0956925607194597e-05
mu 3e-06 t 2.210892515297677 min 6.286905293152942e-06
mu 1e-06 t 2.210886514405552 min 2.095619414053307e-06
mu 3e-07 t 2.2108844143030306 min 6.286839458694444e-07
mu 1e-07 t 2.2108838142896925 min 2.0955801217929437e-07
mu 3e-08 t 2.2108836042932194 min 6.286832825913367e-08
mu 1e-08 t 2.210883544292696 min 2.095579455280971e-08
mu 3e-09 t 2.210883523293141 min 6.286832067288562e-09
mu 1e-09 t 2.210883517293097 min 2.095579508621876e-09
mu 3e-10 t 2.210883515192672 min 6.283542965073933e-10
mu 1e-10 t 2.2108835145931383 min 2.0955784344902468e-10
SOL n10 2.2108835145931383 root 5.296067757424986 0.01791214942932129
FACTOR n15
mu 1.0 t 14.2633406639757 min 12.143612444745324
mu 0.3 t 4.5661197805233 min 2.6095421262896856
mu 0.1 t 2.1284051237023927 min 0.4361006314369029
mu 0.03 t 1.65485340623293 min 0.07595676277537955
mu 0.01 t 1.5757733981877733 min 0.02179382084067039
mu 0.003 t 1.5518087510688858 min 0.006246389009647086
mu 0.001 t 1.5450988277529554 min 0.002054518523327391
mu 0.0003 t 1.5427482053564412 min 0.0006127167689658985
mu 0.0001 t 1.5420826315561489 min 0.0002037230341170338
mu 3e-05 t 1.5418544831405525 min 6.103390161362839e-05
mu 1e-05 t 1.541791168901912 min 2.0333232781053056e-05
mu 3e-06 t 1.5417695862379648 min 6.098472305322276e-06
mu 1e-06 t 1.5417635224770534 min 2.0326658301789137e-06
mu 3e-07 t 1.5417614146466359 min 6.097822481080071e-07
mu 1e-07 t 1.5417608139346244 min 2.0325603648112157e-07
mu 3e-08 t 1.5417606038579434 min 6.097754573750216e-08
mu 1e-08 t 1.541760543850354 min 2.0325527784766372e-08
mu 3e-09 t 1.5417605228499942 min 6.097747726571774e-09
mu 1e-09 t 1.5417605168498791 min 2.032551946971114e-09
mu 3e-10 t 1.5417605147496811 min 6.096156475994812e-10
mu 1e-10 t 1.5417605141499116 min 2.0325540424277445e-10
SOL n15 1.5417605141499116 root 5.2971219151651665 0.02696537971496582
FACTOR n19
mu 1.0 t 14.226075463019486 min 12.396365919085572
mu 0.3 t 4.500672293519494 min 2.7821757153858657
mu 0.1 t 1.984617259792246 min 0.476532309881913
mu 0.03 t 1.4778409749810553 min 0.07746347143420422
mu 0.01 t 1.3977279841350745 min 0.021505002055949723
mu 0.003 t 1.3738945035396943 min 0.006127476208912868
mu 0.001 t 1.3671565504419725 min 0.0020153200527385055
mu 0.0003 t 1.3647312002826184 min 0.0006010320748080246
mu 0.0001 t 1.364016321462723 min 0.00019979597379132655
mu 3e-05 t 1.3637582898350387 min 5.984305708232335e-05
mu 1e-05 t 1.3636820683829523 min 1.993371991537066e-05
mu 3e-06 t 1.3636546726160823 min 5.978219786324152e-06
mu 1e-06 t 1.3636467185620924 min 1.992536248620329e-06
mu 3e-07 t 1.3636439196561696 min 5.977382436899769e-07
mu 1e-07 t 1.3636431193809284 min 1.9924096313678952e-07
mu 3e-08 t 1.3636428393373037 min 5.977293894181645e-08
mu 1e-08 t 1.3636427593316929 min 1.9923993217692412e-08
mu 3e-09 t 1.3636427313317039 min 5.977284983362185e-09
mu 1e-09 t 1.363642723331593 min 1.9923984073209e-09
mu 3e-10 t 1.36364272053102 min 5.974156265826598e-10
mu 1e-10 t 1.3636427197316414 min 1.9924008416151027e-10
SOL n19 1.3636427197316414 root 5.297380574681338 0.02678680419921875
FACTOR n30
mu 1.0 t 14.414450682596215 min 11.415706102701423
mu 0.3 t 4.8525812607895675 min 2.1631321077170513
mu 0.1 t 2.7185951151016075 min 0.35703671568360973
mu 0.03 t 2.337546261734108 min 0.07375679742749627
mu 0.01 t 2.2647330753746613 min 0.022130572756233327
mu 0.003 t 2.2417748654891914 min 0.006400433062386689
mu 0.001 t 2.235469056405333 min 0.0021113424288215473
mu 0.0003 t 2.233318289007316 min 0.0006311085210592213
mu 0.0001 t 2.232712958043628 min 0.00021015249157824777
mu 3e-05 t 2.232502315206583 min 6.302299369868679e-05
mu 1e-05 t 2.23244225746663 min 2.1005506547771955e-05
mu 3e-06 t 2.2324212505849412 min 6.301423127056025e-06
mu 1e-06 t 2.2324152493218414 min 2.1004533211007177e-06
mu 3e-07 t 2.2324131477001097 min 6.301335541753795e-07
mu 1e-07 t 2.2324125459880686 min 2.1004113725905297e-07
mu 3e-08 t 2.232412335004687 min 6.301326556612788e-08
mu 1e-08 t 2.2324122747932664 min 2.1004107739968752e-08
mu 3e-09 t 2.2324122537602284 min 6.30132610460208e-09
mu 1e-09 t 2.232412247756854 min 2.1004101321229757e-09
mu 3e-10 t 2.2324122456560365 min 6.298030439084859e-10
mu 1e-10 t 2.2324122450564667 min 2.1004071085269757e-10
SOL n30 2.2324122450564667 root 5.29608466456769 0.02440619468688965
UPPER 5.29635230745823
