PAIR 0 root 5.295512389175709 pool 3000 checks 16703 sec 1.2095353659999546
PAIR 1 root 5.295512937358381 pool 3000 checks 33444 sec 2.4040509169999495
PAIR 2 root 5.295513180167843 pool 3000 checks 50327 sec 3.668352905999882
PAIR 3 root 5.295514923503912 pool 3000 checks 67071 sec 4.863624540999808
PAIR 4 root 5.295515028565712 pool 3000 checks 83942 sec 6.037841768999897
PAIR 5 root 5.295515049696879 pool 3000 checks 100841 sec 7.232639844000005
PAIR 6 root 5.2955150648628475 pool 3000 checks 117741 sec 8.446760381999866
PAIR 7 root 5.295515071391805 pool 3000 checks 134608 sec 9.635981415999822
PAIR 8 root 5.2955150769390835 pool 3000 checks 151472 sec 10.855460185999846
PAIR 9 root 5.295515082909171 pool 3000 checks 168340 sec 12.078628020999986
PAIR 10 root 5.295515083770972 pool 3000 checks 185201 sec 13.245119571999794
PAIR 11 root 5.295515084314507 pool 3000 checks 202073 sec 14.464448876000006
PAIR 12 root 5.295515084490704 pool 3000 checks 218932 sec 15.692956162999963
PAIR 13 root 5.295515084745858 pool 3000 checks 235494 sec 16.89674537099995
PAIR 14 root 5.295515084778586 pool 3000 checks 252299 sec 18.138526457999887
PAIR 15 root 5.295515084791446 pool 3000 checks 269126 sec 19.389703431999806
PAIR 16 root 5.295515084797853 pool 3000 checks 285966 sec 20.66046187799998
PAIR 17 root 5.295515084801093 pool 3000 checks 302793 sec 21.94124123099982
PAIR 18 root 5.295515084804222 pool 3000 checks 319560 sec 23.212974167999846
PAIR 19 root 5.295515084804593 pool 3000 checks 336234 sec 24.43212549099985
PAIR 20 root 5.295515084804959 pool 3000 checks 352925 sec 25.62479072899987
PAIR 21 root 5.295515084804987 pool 3000 checks 369609 sec 26.823952343999963
PAIR 22 root 5.2955150848049914 pool 3000 checks 386287 sec 28.030021986999827
PAIR 23 root 5.295515084804995 pool 3000 checks 402864 sec 29.265076875999966
PAIR 24 root 5.295515084805 pool 3000 checks 419434 sec 30.483545593999906
PAIR 25 root 5.295515084805 pool 3000 checks 435981 sec 31.710385477999807
PAIR 26 root 5.295515084805 pool 3000 checks 452433 sec 32.936387292999825
PAIR 27 root 5.295515084805 pool 3000 checks 468864 sec 34.179801134999934
PAIR 28 root 5.295515084805 pool 3000 checks 485302 sec 35.434167306999825
PAIR 29 root 5.295515084805 pool 3000 checks 501720 sec 36.6645833409998
PAIR 30 root 5.295515084805 pool 3000 checks 518183 sec 37.89237576599999
PAIR 31 root 5.295515084805 pool 3000 checks 534630 sec 39.10173703699979
FINAL 198 5.295515084805 /mnt/data/r9_search_replay/scout_198_coarse_wide_terminal_exchange1_pairs.json
