PAIR 0 root 5.295524121895167 pool 3000 checks 14269 sec 1.19041531400012
PAIR 1 root 5.2955241224465714 pool 3000 checks 28539 sec 2.375551706000124
PAIR 2 root 5.295524122784314 pool 3000 checks 42862 sec 3.5684945560001324
PAIR 3 root 5.295524148522319 pool 3000 checks 57170 sec 4.715025136000122
PAIR 4 root 5.295524148727362 pool 3000 checks 71503 sec 5.8490725569999995
PAIR 5 root 5.2955241489994895 pool 3000 checks 85604 sec 7.047379752000097
PAIR 6 root 5.295524149042363 pool 3000 checks 99925 sec 8.251257850000002
PAIR 7 root 5.295524149067378 pool 3000 checks 114291 sec 9.407840947000068
PAIR 8 root 5.29552414907866 pool 3000 checks 128672 sec 10.579567418000124
PAIR 9 root 5.295524149084352 pool 3000 checks 143049 sec 11.780517892000034
PAIR 10 root 5.295524149091291 pool 3000 checks 157448 sec 12.912722801999962
PAIR 11 root 5.295524149094183 pool 3000 checks 171807 sec 14.055682875999992
PAIR 12 root 5.295524149096179 pool 3000 checks 186136 sec 15.242367044000048
PAIR 13 root 5.295524149097985 pool 3000 checks 200460 sec 16.48201562600002
PAIR 14 root 5.295524149098619 pool 3000 checks 214791 sec 17.66212572900008
PAIR 15 root 5.295524149098689 pool 3000 checks 229159 sec 18.80947022800001
PAIR 16 root 5.295524149098703 pool 3000 checks 243531 sec 19.957532138000033
PAIR 17 root 5.295524149098707 pool 3000 checks 257947 sec 21.117796951999935
PAIR 18 root 5.295524149098711 pool 3000 checks 272367 sec 22.257265075000078
PAIR 19 root 5.2955241490987115 pool 3000 checks 286783 sec 23.418762956000137
FINAL 213 5.2955241490987115 /mnt/data/r9_search_replay/scout_213_coarse_wide_terminal_exchange1_pairs_pairs.json
